Archive member included because of file (symbol)

C:\Users\a5116938\Desktop\e2_studio_workspace\EEMBC_final\RX65N_Cloud_Kit\HardwareDebug\libRX65N_Cloud_Kit.a(_atexit.o)
                              ./src/tensorflow/lite/micro/examples/main_functions.o (atexit)
C:\Users\a5116938\Desktop\e2_studio_workspace\EEMBC_final\RX65N_Cloud_Kit\HardwareDebug\libRX65N_Cloud_Kit.a(_memcmp.o)
                              ./src/tensorflow/lite/micro/kernels/add.o (memcmp)
C:\Users\a5116938\Desktop\e2_studio_workspace\EEMBC_final\RX65N_Cloud_Kit\HardwareDebug\libRX65N_Cloud_Kit.a(_strcat.o)
                              ./src/EEMBC/monitor/th_api/th_libc.o (strcat)
C:\Users\a5116938\Desktop\e2_studio_workspace\EEMBC_final\RX65N_Cloud_Kit\HardwareDebug\libRX65N_Cloud_Kit.a(_strncpy.o)
                              ./src/EEMBC/monitor/th_api/th_libc.o (strncpy)
C:\Users\a5116938\Desktop\e2_studio_workspace\EEMBC_final\RX65N_Cloud_Kit\HardwareDebug\libRX65N_Cloud_Kit.a(abort.o)
                              ./src/tensorflow/lite/schema/schema_utils.o (abort)
C:\Users\a5116938\Desktop\e2_studio_workspace\EEMBC_final\RX65N_Cloud_Kit\HardwareDebug\libRX65N_Cloud_Kit.a(atoi.o)
                              ./src/EEMBC/profile/ee_buffer.o (atoi)
C:\Users\a5116938\Desktop\e2_studio_workspace\EEMBC_final\RX65N_Cloud_Kit\HardwareDebug\libRX65N_Cloud_Kit.a(ceilf.o)
                              ./src/tensorflow/lite/micro/kernels/ceil.o (ceilf)
C:\Users\a5116938\Desktop\e2_studio_workspace\EEMBC_final\RX65N_Cloud_Kit\HardwareDebug\libRX65N_Cloud_Kit.a(cosf.o)
                              ./src/tensorflow/lite/micro/kernels/elementwise.o (cosf)
C:\Users\a5116938\Desktop\e2_studio_workspace\EEMBC_final\RX65N_Cloud_Kit\HardwareDebug\libRX65N_Cloud_Kit.a(exit.o)
                              C:\Users\a5116938\Desktop\e2_studio_workspace\EEMBC_final\RX65N_Cloud_Kit\HardwareDebug\libRX65N_Cloud_Kit.a(abort.o) (exit)
C:\Users\a5116938\Desktop\e2_studio_workspace\EEMBC_final\RX65N_Cloud_Kit\HardwareDebug\libRX65N_Cloud_Kit.a(expf.o)
                              ./src/tensorflow/lite/micro/kernels/logistic.o (expf)
C:\Users\a5116938\Desktop\e2_studio_workspace\EEMBC_final\RX65N_Cloud_Kit\HardwareDebug\libRX65N_Cloud_Kit.a(floor.o)
                              ./src/tensorflow/lite/kernels/internal/quantization_util.o (floor)
C:\Users\a5116938\Desktop\e2_studio_workspace\EEMBC_final\RX65N_Cloud_Kit\HardwareDebug\libRX65N_Cloud_Kit.a(floorf.o)
                              ./src/tensorflow/lite/micro/kernels/floor.o (floorf)
C:\Users\a5116938\Desktop\e2_studio_workspace\EEMBC_final\RX65N_Cloud_Kit\HardwareDebug\libRX65N_Cloud_Kit.a(frexp.o)
                              ./src/tensorflow/lite/micro/kernels/logistic.o (frexp)
C:\Users\a5116938\Desktop\e2_studio_workspace\EEMBC_final\RX65N_Cloud_Kit\HardwareDebug\libRX65N_Cloud_Kit.a(logf.o)
                              ./src/tensorflow/lite/micro/kernels/elementwise.o (logf)
C:\Users\a5116938\Desktop\e2_studio_workspace\EEMBC_final\RX65N_Cloud_Kit\HardwareDebug\libRX65N_Cloud_Kit.a(memmove.o)
                              ./src/tensorflow/lite/micro/kernels/circular_buffer.o (memmove)
C:\Users\a5116938\Desktop\e2_studio_workspace\EEMBC_final\RX65N_Cloud_Kit\HardwareDebug\libRX65N_Cloud_Kit.a(newfree.o)
                              ./src/tensorflow/lite/c/common.o (free)
C:\Users\a5116938\Desktop\e2_studio_workspace\EEMBC_final\RX65N_Cloud_Kit\HardwareDebug\libRX65N_Cloud_Kit.a(newmalloc.o)
                              ./src/tensorflow/lite/c/common.o (malloc)
C:\Users\a5116938\Desktop\e2_studio_workspace\EEMBC_final\RX65N_Cloud_Kit\HardwareDebug\libRX65N_Cloud_Kit.a(newrealloc.o)
                              ./src/tensorflow/lite/c/common.o (realloc)
C:\Users\a5116938\Desktop\e2_studio_workspace\EEMBC_final\RX65N_Cloud_Kit\HardwareDebug\libRX65N_Cloud_Kit.a(sinf.o)
                              ./src/tensorflow/lite/micro/kernels/elementwise.o (sinf)
C:\Users\a5116938\Desktop\e2_studio_workspace\EEMBC_final\RX65N_Cloud_Kit\HardwareDebug\libRX65N_Cloud_Kit.a(sqrtf.o)
                              ./src/tensorflow/lite/micro/kernels/elementwise.o (sqrtf)
C:\Users\a5116938\Desktop\e2_studio_workspace\EEMBC_final\RX65N_Cloud_Kit\HardwareDebug\libRX65N_Cloud_Kit.a(strstr.o)
                              ./src/EEMBC/monitor/th_api/th_libc.o (strstr)
C:\Users\a5116938\Desktop\e2_studio_workspace\EEMBC_final\RX65N_Cloud_Kit\HardwareDebug\libRX65N_Cloud_Kit.a(strtok.o)
                              ./src/EEMBC/monitor/th_api/th_libc.o (strtok)
C:\Users\a5116938\Desktop\e2_studio_workspace\EEMBC_final\RX65N_Cloud_Kit\HardwareDebug\libRX65N_Cloud_Kit.a(tanhf.o)
                              ./src/tensorflow/lite/micro/kernels/svdf.o (tanhf)
C:\Users\a5116938\Desktop\e2_studio_workspace\EEMBC_final\RX65N_Cloud_Kit\HardwareDebug\libRX65N_Cloud_Kit.a(vprintf.o)
                              ./src/EEMBC/monitor/th_api/th_libc.o (vprintf)
[...]
Memory Configuration

Name             Origin             Length             Attributes
RAM              0x00000004         0x0003fffc
RAM2             0x00800000         0x00060000
ROM              0xffe00000         0x00200000
OFS              0xfe7f5d00         0x00000080
*default*        0x00000000         0xffffffff

Linker script and memory map

LOAD ./src/tensorflow/lite/schema/schema_utils.o
LOAD ./src/tensorflow/lite/micro/memory_planner/greedy_memory_planner.o
LOAD ./src/tensorflow/lite/micro/memory_planner/linear_memory_planner.o
LOAD ./src/tensorflow/lite/micro/kernels/activations.o
LOAD ./src/tensorflow/lite/micro/kernels/add.o
LOAD ./src/tensorflow/lite/micro/kernels/arg_min_max.o
LOAD ./src/tensorflow/lite/micro/kernels/ceil.o
LOAD ./src/tensorflow/lite/micro/kernels/circular_buffer.o
LOAD ./src/tensorflow/lite/micro/kernels/comparisons.o
LOAD ./src/tensorflow/lite/micro/kernels/concatenation.o
LOAD ./src/tensorflow/lite/micro/kernels/conv.o
LOAD ./src/tensorflow/lite/micro/kernels/depthwise_conv.o
LOAD ./src/tensorflow/lite/micro/kernels/dequantize.o
LOAD ./src/tensorflow/lite/micro/kernels/elementwise.o
LOAD ./src/tensorflow/lite/micro/kernels/ethosu.o
LOAD ./src/tensorflow/lite/micro/kernels/floor.o
LOAD ./src/tensorflow/lite/micro/kernels/fully_connected.o
LOAD ./src/tensorflow/lite/micro/kernels/hard_swish.o
LOAD ./src/tensorflow/lite/micro/kernels/kernel_runner.o
LOAD ./src/tensorflow/lite/micro/kernels/kernel_util.o
LOAD ./src/tensorflow/lite/micro/kernels/l2norm.o
LOAD ./src/tensorflow/lite/micro/kernels/logical.o
LOAD ./src/tensorflow/lite/micro/kernels/logistic.o
LOAD ./src/tensorflow/lite/micro/kernels/maximum_minimum.o
LOAD ./src/tensorflow/lite/micro/kernels/mul.o
LOAD ./src/tensorflow/lite/micro/kernels/neg.o
LOAD ./src/tensorflow/lite/micro/kernels/pack.o
LOAD ./src/tensorflow/lite/micro/kernels/pad.o
LOAD ./src/tensorflow/lite/micro/kernels/pooling.o
LOAD ./src/tensorflow/lite/micro/kernels/prelu.o
LOAD ./src/tensorflow/lite/micro/kernels/quantize.o
LOAD ./src/tensorflow/lite/micro/kernels/reduce.o
LOAD ./src/tensorflow/lite/micro/kernels/reshape.o
LOAD ./src/tensorflow/lite/micro/kernels/resize_nearest_neighbor.o
LOAD ./src/tensorflow/lite/micro/kernels/round.o
LOAD ./src/tensorflow/lite/micro/kernels/shape.o
LOAD ./src/tensorflow/lite/micro/kernels/softmax.o
LOAD ./src/tensorflow/lite/micro/kernels/split.o
LOAD ./src/tensorflow/lite/micro/kernels/split_v.o
LOAD ./src/tensorflow/lite/micro/kernels/strided_slice.o
LOAD ./src/tensorflow/lite/micro/kernels/sub.o
LOAD ./src/tensorflow/lite/micro/kernels/svdf.o
LOAD ./src/tensorflow/lite/micro/kernels/tanh.o
LOAD ./src/tensorflow/lite/micro/kernels/unpack.o
LOAD ./src/tensorflow/lite/micro/examples/TFLite_model_AD.o
LOAD ./src/tensorflow/lite/micro/examples/TFLite_model_IC.o
LOAD ./src/tensorflow/lite/micro/examples/TFLite_model_KWS.o
LOAD ./src/tensorflow/lite/micro/examples/TFLite_model_vww.o
LOAD ./src/tensorflow/lite/micro/examples/main_functions.o
LOAD ./src/tensorflow/lite/micro/all_ops_resolver.o
LOAD ./src/tensorflow/lite/micro/debug_log.o
LOAD ./src/tensorflow/lite/micro/memory_helpers.o
LOAD ./src/tensorflow/lite/micro/micro_allocator.o
LOAD ./src/tensorflow/lite/micro/micro_error_reporter.o
LOAD ./src/tensorflow/lite/micro/micro_interpreter.o
LOAD ./src/tensorflow/lite/micro/micro_profiler.o
LOAD ./src/tensorflow/lite/micro/micro_string.o
LOAD ./src/tensorflow/lite/micro/micro_time.o
LOAD ./src/tensorflow/lite/micro/micro_utils.o
LOAD ./src/tensorflow/lite/micro/recording_micro_allocator.o
LOAD ./src/tensorflow/lite/micro/recording_simple_memory_allocator.o
LOAD ./src/tensorflow/lite/micro/simple_memory_allocator.o
LOAD ./src/tensorflow/lite/micro/test_helpers.o
LOAD ./src/tensorflow/lite/kernels/internal/quantization_util.o
LOAD ./src/tensorflow/lite/kernels/kernel_util.o
LOAD ./src/tensorflow/lite/core/api/error_reporter.o
LOAD ./src/tensorflow/lite/core/api/flatbuffer_conversions.o
LOAD ./src/tensorflow/lite/core/api/op_resolver.o
LOAD ./src/tensorflow/lite/core/api/tensor_utils.o
LOAD ./src/tensorflow/lite/c/common.o
LOAD ./src/smc_gen/r_pincfg/Pin.o
LOAD ./src/smc_gen/r_bsp/mcu/rx65n/mcu_clocks.o
LOAD ./src/smc_gen/r_bsp/mcu/rx65n/mcu_init.o
LOAD ./src/smc_gen/r_bsp/mcu/rx65n/mcu_interrupts.o
LOAD ./src/smc_gen/r_bsp/mcu/rx65n/mcu_mapped_interrupts.o
LOAD ./src/smc_gen/r_bsp/mcu/rx65n/vecttbl.o
LOAD ./src/smc_gen/r_bsp/mcu/all/dbsct.o
LOAD ./src/smc_gen/r_bsp/mcu/all/lowlvl.o
LOAD ./src/smc_gen/r_bsp/mcu/all/lowsrc.o
LOAD ./src/smc_gen/r_bsp/mcu/all/mcu_locks.o
LOAD ./src/smc_gen/r_bsp/mcu/all/r_bsp_common.o
LOAD ./src/smc_gen/r_bsp/mcu/all/r_bsp_cpu.o
LOAD ./src/smc_gen/r_bsp/mcu/all/r_bsp_interrupts.o
LOAD ./src/smc_gen/r_bsp/mcu/all/r_bsp_locking.o
LOAD ./src/smc_gen/r_bsp/mcu/all/r_bsp_mcu_startup.o
LOAD ./src/smc_gen/r_bsp/mcu/all/r_bsp_software_interrupt.o
LOAD ./src/smc_gen/r_bsp/mcu/all/r_rx_intrinsic_functions.o
LOAD ./src/smc_gen/r_bsp/mcu/all/reset_program.o
LOAD ./src/smc_gen/r_bsp/mcu/all/resetprg.o
LOAD ./src/smc_gen/r_bsp/mcu/all/sbrk.o
LOAD ./src/smc_gen/r_bsp/board/generic_rx65n/hwsetup.o
LOAD ./src/smc_gen/general/r_cg_hardware_setup.o
LOAD ./src/smc_gen/general/r_smc_cgc.o
LOAD ./src/smc_gen/general/r_smc_cgc_user.o
LOAD ./src/smc_gen/general/r_smc_interrupt.o
LOAD ./src/smc_gen/Config_SCI0/Config_SCI0.o
LOAD ./src/smc_gen/Config_SCI0/Config_SCI0_user.o
LOAD ./src/smc_gen/Config_PORT/Config_PORT.o
LOAD ./src/smc_gen/Config_PORT/Config_PORT_user.o
LOAD ./src/smc_gen/Config_MTU2/Config_MTU2.o
LOAD ./src/smc_gen/Config_MTU2/Config_MTU2_user.o
LOAD ./src/smc_gen/Config_MTU1/Config_MTU1.o
LOAD ./src/smc_gen/Config_MTU1/Config_MTU1_user.o
LOAD ./src/EEMBC/profile/th_api/th_profile.o
LOAD ./src/EEMBC/profile/th_api/th_util.o
LOAD ./src/EEMBC/profile/ee_buffer.o
LOAD ./src/EEMBC/profile/ee_profile.o
LOAD ./src/EEMBC/profile/ee_util.o
LOAD ./src/EEMBC/monitor/th_api/th_lib.o
LOAD ./src/EEMBC/monitor/th_api/th_libc.o
LOAD ./src/EEMBC/monitor/ee_main.o
LOAD ./src/EEMBC/usr_source.o
LOAD ./src/CMSIS/NN/Source/SoftmaxFunctions/arm_softmax_q15.o
LOAD ./src/CMSIS/NN/Source/SoftmaxFunctions/arm_softmax_q7.o
LOAD ./src/CMSIS/NN/Source/SoftmaxFunctions/arm_softmax_s8.o
LOAD ./src/CMSIS/NN/Source/SoftmaxFunctions/arm_softmax_u8.o
LOAD ./src/CMSIS/NN/Source/SoftmaxFunctions/arm_softmax_with_batch_q7.o
LOAD ./src/CMSIS/NN/Source/SVDFunctions/arm_svdf_s8.o
LOAD ./src/CMSIS/NN/Source/ReshapeFunctions/arm_reshape_s8.o
LOAD ./src/CMSIS/NN/Source/PoolingFunctions/arm_avgpool_s8.o
LOAD ./src/CMSIS/NN/Source/PoolingFunctions/arm_max_pool_s8.o
LOAD ./src/CMSIS/NN/Source/PoolingFunctions/arm_pool_q7_HWC.o
LOAD ./src/CMSIS/NN/Source/NNSupportFunctions/arm_nn_accumulate_q7_to_q15.o
LOAD ./src/CMSIS/NN/Source/NNSupportFunctions/arm_nn_add_q7.o
LOAD ./src/CMSIS/NN/Source/NNSupportFunctions/arm_nn_depthwise_conv_nt_t_padded_s8.o
LOAD ./src/CMSIS/NN/Source/NNSupportFunctions/arm_nn_depthwise_conv_nt_t_s8.o
LOAD ./src/CMSIS/NN/Source/NNSupportFunctions/arm_nn_mat_mul_core_1x_s8.o
LOAD ./src/CMSIS/NN/Source/NNSupportFunctions/arm_nn_mat_mul_core_4x_s8.o
LOAD ./src/CMSIS/NN/Source/NNSupportFunctions/arm_nn_mat_mult_nt_t_s8.o
LOAD ./src/CMSIS/NN/Source/NNSupportFunctions/arm_nn_mult_q15.o
LOAD ./src/CMSIS/NN/Source/NNSupportFunctions/arm_nn_mult_q7.o
LOAD ./src/CMSIS/NN/Source/NNSupportFunctions/arm_nn_vec_mat_mult_t_s8.o
LOAD ./src/CMSIS/NN/Source/NNSupportFunctions/arm_nn_vec_mat_mult_t_svdf_s8.o
LOAD ./src/CMSIS/NN/Source/NNSupportFunctions/arm_nntables.o
LOAD ./src/CMSIS/NN/Source/NNSupportFunctions/arm_q7_to_q15_no_shift.o
LOAD ./src/CMSIS/NN/Source/NNSupportFunctions/arm_q7_to_q15_reordered_no_shift.o
LOAD ./src/CMSIS/NN/Source/NNSupportFunctions/arm_q7_to_q15_reordered_with_offset.o
LOAD ./src/CMSIS/NN/Source/NNSupportFunctions/arm_q7_to_q15_with_offset.o
LOAD ./src/CMSIS/NN/Source/FullyConnectedFunctions/arm_fully_connected_mat_q7_vec_q15.o
LOAD ./src/CMSIS/NN/Source/FullyConnectedFunctions/arm_fully_connected_mat_q7_vec_q15_opt.o
LOAD ./src/CMSIS/NN/Source/FullyConnectedFunctions/arm_fully_connected_q15.o
LOAD ./src/CMSIS/NN/Source/FullyConnectedFunctions/arm_fully_connected_q15_opt.o
LOAD ./src/CMSIS/NN/Source/FullyConnectedFunctions/arm_fully_connected_q7.o
LOAD ./src/CMSIS/NN/Source/FullyConnectedFunctions/arm_fully_connected_q7_opt.o
LOAD ./src/CMSIS/NN/Source/FullyConnectedFunctions/arm_fully_connected_s8.o
LOAD ./src/CMSIS/NN/Source/ConvolutionFunctions/arm_convolve_1_x_n_s8.o
LOAD ./src/CMSIS/NN/Source/ConvolutionFunctions/arm_convolve_1x1_HWC_q7_fast_nonsquare.o
LOAD ./src/CMSIS/NN/Source/ConvolutionFunctions/arm_convolve_1x1_s8_fast.o
LOAD ./src/CMSIS/NN/Source/ConvolutionFunctions/arm_convolve_HWC_q15_basic.o
LOAD ./src/CMSIS/NN/Source/ConvolutionFunctions/arm_convolve_HWC_q15_fast.o
LOAD ./src/CMSIS/NN/Source/ConvolutionFunctions/arm_convolve_HWC_q15_fast_nonsquare.o
LOAD ./src/CMSIS/NN/Source/ConvolutionFunctions/arm_convolve_HWC_q7_RGB.o
LOAD ./src/CMSIS/NN/Source/ConvolutionFunctions/arm_convolve_HWC_q7_basic.o
LOAD ./src/CMSIS/NN/Source/ConvolutionFunctions/arm_convolve_HWC_q7_basic_nonsquare.o
LOAD ./src/CMSIS/NN/Source/ConvolutionFunctions/arm_convolve_HWC_q7_fast.o
LOAD ./src/CMSIS/NN/Source/ConvolutionFunctions/arm_convolve_HWC_q7_fast_nonsquare.o
LOAD ./src/CMSIS/NN/Source/ConvolutionFunctions/arm_convolve_s8.o
LOAD ./src/CMSIS/NN/Source/ConvolutionFunctions/arm_convolve_wrapper_s8.o
LOAD ./src/CMSIS/NN/Source/ConvolutionFunctions/arm_depthwise_conv_3x3_s8.o
LOAD ./src/CMSIS/NN/Source/ConvolutionFunctions/arm_depthwise_conv_s8.o
LOAD ./src/CMSIS/NN/Source/ConvolutionFunctions/arm_depthwise_conv_s8_opt.o
LOAD ./src/CMSIS/NN/Source/ConvolutionFunctions/arm_depthwise_conv_u8_basic_ver1.o
LOAD ./src/CMSIS/NN/Source/ConvolutionFunctions/arm_depthwise_conv_wrapper_s8.o
LOAD ./src/CMSIS/NN/Source/ConvolutionFunctions/arm_depthwise_separable_conv_HWC_q7.o
LOAD ./src/CMSIS/NN/Source/ConvolutionFunctions/arm_depthwise_separable_conv_HWC_q7_nonsquare.o
LOAD ./src/CMSIS/NN/Source/ConvolutionFunctions/arm_nn_depthwise_conv_s8_core.o
LOAD ./src/CMSIS/NN/Source/ConvolutionFunctions/arm_nn_mat_mult_kernel_q7_q15.o
LOAD ./src/CMSIS/NN/Source/ConvolutionFunctions/arm_nn_mat_mult_kernel_q7_q15_reordered.o
LOAD ./src/CMSIS/NN/Source/ConvolutionFunctions/arm_nn_mat_mult_kernel_s8_s16.o
LOAD ./src/CMSIS/NN/Source/ConvolutionFunctions/arm_nn_mat_mult_kernel_s8_s16_reordered.o
LOAD ./src/CMSIS/NN/Source/ConvolutionFunctions/arm_nn_mat_mult_s8.o
LOAD ./src/CMSIS/NN/Source/ConcatenationFunctions/arm_concatenation_s8_w.o
LOAD ./src/CMSIS/NN/Source/ConcatenationFunctions/arm_concatenation_s8_x.o
LOAD ./src/CMSIS/NN/Source/ConcatenationFunctions/arm_concatenation_s8_y.o
LOAD ./src/CMSIS/NN/Source/ConcatenationFunctions/arm_concatenation_s8_z.o
LOAD ./src/CMSIS/NN/Source/BasicMathFunctions/arm_elementwise_add_s8.o
LOAD ./src/CMSIS/NN/Source/BasicMathFunctions/arm_elementwise_mul_s8.o
LOAD ./src/CMSIS/NN/Source/ActivationFunctions/arm_nn_activations_q15.o
LOAD ./src/CMSIS/NN/Source/ActivationFunctions/arm_nn_activations_q7.o
LOAD ./src/CMSIS/NN/Source/ActivationFunctions/arm_relu6_s8.o
LOAD ./src/CMSIS/NN/Source/ActivationFunctions/arm_relu_q15.o
LOAD ./src/CMSIS/NN/Source/ActivationFunctions/arm_relu_q7.o
LOAD ./src/RX65N_Cloud_Kit.o
START GROUP
LOAD C:\Users\a5116938\Desktop\e2_studio_workspace\EEMBC_final\RX65N_Cloud_Kit\HardwareDebug\libRX65N_Cloud_Kit.a
LOAD c:/gcc for renesas rx 8.3.0.202004-gnurx-elf/rx-elf/rx-elf/bin/../lib/gcc/rx-elf/8.3.0.202004-GNURX/rxv2\libgcc.a
LOAD c:/gcc for renesas rx 8.3.0.202004-gnurx-elf/rx-elf/rx-elf/bin/../lib/gcc/rx-elf/8.3.0.202004-GNURX/../../../../rx-elf/lib/rxv2\libstdc++.a
END GROUP
LOAD c:/gcc for renesas rx 8.3.0.202004-gnurx-elf/rx-elf/rx-elf/bin/../lib/gcc/rx-elf/8.3.0.202004-GNURX/../../../../rx-elf/lib/rxv2\libstdc++.a
LOAD c:/gcc for renesas rx 8.3.0.202004-gnurx-elf/rx-elf/rx-elf/bin/../lib/gcc/rx-elf/8.3.0.202004-GNURX/../../../../rx-elf/lib/rxv2\libm.a
LOAD c:/gcc for renesas rx 8.3.0.202004-gnurx-elf/rx-elf/rx-elf/bin/../lib/gcc/rx-elf/8.3.0.202004-GNURX/rxv2\libgcc.a
START GROUP
LOAD c:/gcc for renesas rx 8.3.0.202004-gnurx-elf/rx-elf/rx-elf/bin/../lib/gcc/rx-elf/8.3.0.202004-GNURX/../../../../rx-elf/lib/rxv2\libc.a
LOAD c:/gcc for renesas rx 8.3.0.202004-gnurx-elf/rx-elf/rx-elf/bin/../lib/gcc/rx-elf/8.3.0.202004-GNURX/../../../../rx-elf/lib/rxv2\libnosys.a
END GROUP
LOAD c:/gcc for renesas rx 8.3.0.202004-gnurx-elf/rx-elf/rx-elf/bin/../lib/gcc/rx-elf/8.3.0.202004-GNURX/rxv2\libgcc.a

.exvectors      0xffffff80       0x7c
                0xffffff80                _exvectors_start = .
 *(.exvectors)
 .exvectors     0xffffff80       0x7c ./src/smc_gen/r_bsp/mcu/rx65n/vecttbl.o
                0xffffff80                Except_Vectors
                0xfffffffc                _exvectors_end = .

.fvectors       0xfffffffc        0x4
 *(.fvectors)
 .fvectors      0xfffffffc        0x4 ./src/smc_gen/r_bsp/mcu/rx65n/vecttbl.o
                0xfffffffc                Reset_Vector

.text           0xffe00000    0x63b90
 *(.text)
 .text          0xffe00000       0x8e ./src/smc_gen/r_bsp/mcu/all/reset_program.o
                0xffe00000                PowerON_Reset_PC
                0xffe00000                PowerON_Reset
                0xffe00012                _INITSCT
                0xffe0003f                _CALL_INIT
                0xffe00043                rx_run_preinit_array
                0xffe00053                rx_run_init_array
                0xffe00065                rx_run_fini_array
 .text          0xffe0008e        0xb c:/gcc for renesas rx 8.3.0.202004-gnurx-elf/rx-elf/rx-elf/bin/../lib/gcc/rx-elf/8.3.0.202004-GNURX/../../../../rx-elf/lib/rxv2\libc.a(lib_a-memchr.o)
                0xffe0008e                memchr
 .text          0xffe00099        0x7 c:/gcc for renesas rx 8.3.0.202004-gnurx-elf/rx-elf/rx-elf/bin/../lib/gcc/rx-elf/8.3.0.202004-GNURX/../../../../rx-elf/lib/rxv2\libc.a(lib_a-memcpy.o)
                0xffe00099                memcpy
 .text          0xffe000a0       0x12 c:/gcc for renesas rx 8.3.0.202004-gnurx-elf/rx-elf/rx-elf/bin/../lib/gcc/rx-elf/8.3.0.202004-GNURX/../../../../rx-elf/lib/rxv2\libc.a(lib_a-strnlen.o)
                0xffe000a0                strnlen
 .text          0xffe000b2        0x7 c:/gcc for renesas rx 8.3.0.202004-gnurx-elf/rx-elf/rx-elf/bin/../lib/gcc/rx-elf/8.3.0.202004-GNURX/../../../../rx-elf/lib/rxv2\libc.a(lib_a-memset.o)
                0xffe000b2                memset
 .text          0xffe000b9        0xf c:/gcc for renesas rx 8.3.0.202004-gnurx-elf/rx-elf/rx-elf/bin/../lib/gcc/rx-elf/8.3.0.202004-GNURX/../../../../rx-elf/lib/rxv2\libc.a(lib_a-strcmp.o)
                0xffe000b9                strcmp
 *(.text.*)
 .text._ZN6tflite14GetBuiltinCodeEPKNS_12OperatorCodeE
                0xffe000c8       0x58 ./src/tensorflow/lite/schema/schema_utils.o
                0xffe000c8                tflite::GetBuiltinCode(tflite::OperatorCode const*)
 .text._ZN6tflite14GetBuiltinCodeEPKNS_13OperatorCodeTE
                0xffe00120        0xf ./src/tensorflow/lite/schema/schema_utils.o
                0xffe00120                tflite::GetBuiltinCode(tflite::OperatorCodeT const*)
 .text._ZN6tflite19GreedyMemoryPlannerD2Ev
                0xffe0012f        0x1 ./src/tensorflow/lite/micro/memory_planner/greedy_memory_planner.o
                0xffe0012f                tflite::GreedyMemoryPlanner::~GreedyMemoryPlanner()
                0xffe0012f                tflite::GreedyMemoryPlanner::~GreedyMemoryPlanner()
 .text._ZN6tflite19GreedyMemoryPlanner14GetBufferCountEv
                0xffe00130        0x3 ./src/tensorflow/lite/micro/memory_planner/greedy_memory_planner.o
                0xffe00130                tflite::GreedyMemoryPlanner::GetBufferCount()
 .text._ZN6tflite19GreedyMemoryPlannerD0Ev
                0xffe00133        0x7 ./src/tensorflow/lite/micro/memory_planner/greedy_memory_planner.o
                0xffe00133                tflite::GreedyMemoryPlanner::~GreedyMemoryPlanner()
 .text._ZN6tflite19GreedyMemoryPlanner9AddBufferEPNS_13ErrorReporterEiii
                0xffe0013a       0x43 ./src/tensorflow/lite/micro/memory_planner/greedy_memory_planner.o
                0xffe0013a                tflite::GreedyMemoryPlanner::AddBuffer(tflite::ErrorReporter*, int, int, int)
 *fill*         0xffe0017d        0x3 
 .text._ZN6tflite18ReverseSortInPlaceEPiS0_i
                0xffe00180       0x40 ./src/tensorflow/lite/micro/memory_planner/greedy_memory_planner.o
                0xffe00180                tflite::ReverseSortInPlace(int*, int*, int)
 .text._ZN6tflite19GreedyMemoryPlannerC2EPhi
                0xffe001c0       0x3b ./src/tensorflow/lite/micro/memory_planner/greedy_memory_planner.o
                0xffe001c0                tflite::GreedyMemoryPlanner::GreedyMemoryPlanner(unsigned char*, int)
                0xffe001c0                tflite::GreedyMemoryPlanner::GreedyMemoryPlanner(unsigned char*, int)
 *fill*         0xffe001fb        0x5 
 .text._ZN6tflite19GreedyMemoryPlanner9AddBufferEPNS_13ErrorReporterEiiii
                0xffe00200       0x68 ./src/tensorflow/lite/micro/memory_planner/greedy_memory_planner.o
                0xffe00200                tflite::GreedyMemoryPlanner::AddBuffer(tflite::ErrorReporter*, int, int, int, int)
 .text._ZNK6tflite19GreedyMemoryPlanner22DoesEntryOverlapInTimeEPKNS0_9ListEntryEii
                0xffe00268       0x1d ./src/tensorflow/lite/micro/memory_planner/greedy_memory_planner.o
                0xffe00268                tflite::GreedyMemoryPlanner::DoesEntryOverlapInTime(tflite::GreedyMemoryPlanner::ListEntry const*, int, int) const
 *fill*         0xffe00285        0x3 
 .text._ZN6tflite19GreedyMemoryPlanner30NextSimultaneouslyActiveBufferEPKNS0_9ListEntryEii
                0xffe00288       0x40 ./src/tensorflow/lite/micro/memory_planner/greedy_memory_planner.o
                0xffe00288                tflite::GreedyMemoryPlanner::NextSimultaneouslyActiveBuffer(tflite::GreedyMemoryPlanner::ListEntry const*, int, int)
 .text._ZN6tflite19GreedyMemoryPlanner24CalculateOffsetsIfNeededEv
                0xffe002c8      0x208 ./src/tensorflow/lite/micro/memory_planner/greedy_memory_planner.o
                0xffe002c8                tflite::GreedyMemoryPlanner::CalculateOffsetsIfNeeded()
 .text._ZN6tflite19GreedyMemoryPlanner20GetMaximumMemorySizeEv
                0xffe004d0       0x58 ./src/tensorflow/lite/micro/memory_planner/greedy_memory_planner.o
                0xffe004d0                tflite::GreedyMemoryPlanner::GetMaximumMemorySize()
 .text._ZN6tflite19GreedyMemoryPlanner18GetOffsetForBufferEPNS_13ErrorReporterEiPi
                0xffe00528       0x3d ./src/tensorflow/lite/micro/memory_planner/greedy_memory_planner.o
                0xffe00528                tflite::GreedyMemoryPlanner::GetOffsetForBuffer(tflite::ErrorReporter*, int, int*)
 *fill*         0xffe00565        0x3 
 .text._ZN6tflite19GreedyMemoryPlanner15PrintMemoryPlanEPNS_13ErrorReporterE
                0xffe00568      0x178 ./src/tensorflow/lite/micro/memory_planner/greedy_memory_planner.o
                0xffe00568                tflite::GreedyMemoryPlanner::PrintMemoryPlan(tflite::ErrorReporter*)
 .text._ZN6tflite19GreedyMemoryPlanner19DoAnyBuffersOverlapEPNS_13ErrorReporterE
                0xffe006e0       0xa8 ./src/tensorflow/lite/micro/memory_planner/greedy_memory_planner.o
                0xffe006e0                tflite::GreedyMemoryPlanner::DoAnyBuffersOverlap(tflite::ErrorReporter*)
 .text._ZN6tflite19LinearMemoryPlannerD2Ev
                0xffe00788        0x1 ./src/tensorflow/lite/micro/memory_planner/linear_memory_planner.o
                0xffe00788                tflite::LinearMemoryPlanner::~LinearMemoryPlanner()
                0xffe00788                tflite::LinearMemoryPlanner::~LinearMemoryPlanner()
 .text._ZN6tflite19LinearMemoryPlanner20GetMaximumMemorySizeEv
                0xffe00789        0x5 ./src/tensorflow/lite/micro/memory_planner/linear_memory_planner.o
                0xffe00789                tflite::LinearMemoryPlanner::GetMaximumMemorySize()
 .text._ZN6tflite19LinearMemoryPlanner14GetBufferCountEv
                0xffe0078e        0x5 ./src/tensorflow/lite/micro/memory_planner/linear_memory_planner.o
                0xffe0078e                tflite::LinearMemoryPlanner::GetBufferCount()
 .text._ZN6tflite19LinearMemoryPlannerD0Ev
                0xffe00793        0x8 ./src/tensorflow/lite/micro/memory_planner/linear_memory_planner.o
                0xffe00793                tflite::LinearMemoryPlanner::~LinearMemoryPlanner()
 .text._ZN6tflite19LinearMemoryPlanner9AddBufferEPNS_13ErrorReporterEiii
                0xffe0079b       0x39 ./src/tensorflow/lite/micro/memory_planner/linear_memory_planner.o
                0xffe0079b                tflite::LinearMemoryPlanner::AddBuffer(tflite::ErrorReporter*, int, int, int)
 .text._ZN6tflite19LinearMemoryPlanner18GetOffsetForBufferEPNS_13ErrorReporterEiPi
                0xffe007d4       0x2f ./src/tensorflow/lite/micro/memory_planner/linear_memory_planner.o
                0xffe007d4                tflite::LinearMemoryPlanner::GetOffsetForBuffer(tflite::ErrorReporter*, int, int*)
 .text._ZN6tflite19LinearMemoryPlannerC2Ev
                0xffe00803       0x11 ./src/tensorflow/lite/micro/memory_planner/linear_memory_planner.o
                0xffe00803                tflite::LinearMemoryPlanner::LinearMemoryPlanner()
                0xffe00803                tflite::LinearMemoryPlanner::LinearMemoryPlanner()
 .text._ZN6tflite3ops5micro11activations8ReluInitEP13TfLiteContextPKcm
                0xffe00814        0xf ./src/tensorflow/lite/micro/kernels/activations.o
                0xffe00814                tflite::ops::micro::activations::ReluInit(TfLiteContext*, char const*, unsigned long)
 .text._ZN6tflite3ops5micro11activations9Relu6InitEP13TfLiteContextPKcm
                0xffe00823        0xe ./src/tensorflow/lite/micro/kernels/activations.o
                0xffe00823                tflite::ops::micro::activations::Relu6Init(TfLiteContext*, char const*, unsigned long)
 *fill*         0xffe00831        0x7 
 .text._ZN6tflite3ops5micro11activations12Relu6PrepareEP13TfLiteContextP10TfLiteNode
                0xffe00838       0xc8 ./src/tensorflow/lite/micro/kernels/activations.o
                0xffe00838                tflite::ops::micro::activations::Relu6Prepare(TfLiteContext*, TfLiteNode*)
 .text._ZN6tflite3ops5micro11activations11ReluPrepareEP13TfLiteContextP10TfLiteNode
                0xffe00900      0x1e8 ./src/tensorflow/lite/micro/kernels/activations.o
                0xffe00900                tflite::ops::micro::activations::ReluPrepare(TfLiteContext*, TfLiteNode*)
 .text._ZN6tflite3ops5micro11activations8ReluEvalEP13TfLiteContextP10TfLiteNode
                0xffe00ae8      0x5d0 ./src/tensorflow/lite/micro/kernels/activations.o
                0xffe00ae8                tflite::ops::micro::activations::ReluEval(TfLiteContext*, TfLiteNode*)
 .text._ZN6tflite3ops5micro11activations9Relu6EvalEP13TfLiteContextP10TfLiteNode
                0xffe010b8      0x428 ./src/tensorflow/lite/micro/kernels/activations.o
                0xffe010b8                tflite::ops::micro::activations::Relu6Eval(TfLiteContext*, TfLiteNode*)
 .text._ZN6tflite3ops5micro13Register_RELUEv
                0xffe014e0       0x10 ./src/tensorflow/lite/micro/kernels/activations.o
                0xffe014e0                tflite::ops::micro::Register_RELU()
 .text._ZN6tflite3ops5micro14Register_RELU6Ev
                0xffe014f0       0x10 ./src/tensorflow/lite/micro/kernels/activations.o
                0xffe014f0                tflite::ops::micro::Register_RELU6()
 .text._ZN6tflite3ops5micro3add4InitEP13TfLiteContextPKcm
                0xffe01500        0xf ./src/tensorflow/lite/micro/kernels/add.o
                0xffe01500                tflite::ops::micro::add::Init(TfLiteContext*, char const*, unsigned long)
 *fill*         0xffe0150f        0x1 
 .text._ZN6tflite3ops5micro3add16EvalAddQuantizedEP13TfLiteContextP10TfLiteNodeP15TfLiteAddParamsPKNS2_6OpDataEPK16TfLiteEvalTensorSE_PSC_.part.8
                0xffe01510     0x2640 ./src/tensorflow/lite/micro/kernels/add.o
 .text._ZN6tflite3ops5micro3add7EvalAddEP13TfLiteContextP10TfLiteNodeP15TfLiteAddParamsPKNS2_6OpDataEPK16TfLiteEvalTensorSE_PSC_.constprop.9
                0xffe03b50      0x7a8 ./src/tensorflow/lite/micro/kernels/add.o
 .text._ZN6tflite3ops5micro3add4EvalEP13TfLiteContextP10TfLiteNode
                0xffe042f8       0x90 ./src/tensorflow/lite/micro/kernels/add.o
                0xffe042f8                tflite::ops::micro::add::Eval(TfLiteContext*, TfLiteNode*)
 .text._ZN6tflite3ops5micro3add15CalculateOpDataEP13TfLiteContextP15TfLiteAddParamsPK12TfLiteTensorS9_PS7_PNS2_6OpDataE
                0xffe04388       0xa8 ./src/tensorflow/lite/micro/kernels/add.o
                0xffe04388                tflite::ops::micro::add::CalculateOpData(TfLiteContext*, TfLiteAddParams*, TfLiteTensor const*, TfLiteTensor const*, TfLiteTensor*, tflite::ops::micro::add::OpData*)
 .text._ZN6tflite3ops5micro3add7PrepareEP13TfLiteContextP10TfLiteNode
                0xffe04430       0x4b ./src/tensorflow/lite/micro/kernels/add.o
                0xffe04430                tflite::ops::micro::add::Prepare(TfLiteContext*, TfLiteNode*)
 *fill*         0xffe0447b        0x5 
 .text._ZN6tflite3ops5micro3add7EvalAddEP13TfLiteContextP10TfLiteNodeP15TfLiteAddParamsPKNS2_6OpDataEPK16TfLiteEvalTensorSE_PSC_
                0xffe04480      0x7b0 ./src/tensorflow/lite/micro/kernels/add.o
                0xffe04480                tflite::ops::micro::add::EvalAdd(TfLiteContext*, TfLiteNode*, TfLiteAddParams*, tflite::ops::micro::add::OpData const*, TfLiteEvalTensor const*, TfLiteEvalTensor const*, TfLiteEvalTensor*)
 .text._ZN6tflite3ops5micro3add16EvalAddQuantizedEP13TfLiteContextP10TfLiteNodeP15TfLiteAddParamsPKNS2_6OpDataEPK16TfLiteEvalTensorSE_PSC_
                0xffe04c30       0x29 ./src/tensorflow/lite/micro/kernels/add.o
                0xffe04c30                tflite::ops::micro::add::EvalAddQuantized(TfLiteContext*, TfLiteNode*, TfLiteAddParams*, tflite::ops::micro::add::OpData const*, TfLiteEvalTensor const*, TfLiteEvalTensor const*, TfLiteEvalTensor*)
 .text._ZN6tflite3ops5micro12Register_ADDEv
                0xffe04c59       0x10 ./src/tensorflow/lite/micro/kernels/add.o
                0xffe04c59                tflite::ops::micro::Register_ADD()
 *fill*         0xffe04c69        0x7 
 .text._ZN6tflite3ops5micro11arg_min_max4EvalEP13TfLiteContextP10TfLiteNodeb
                0xffe04c70     0x2248 ./src/tensorflow/lite/micro/kernels/arg_min_max.o
                0xffe04c70                tflite::ops::micro::arg_min_max::Eval(TfLiteContext*, TfLiteNode*, bool)
 .text._ZN6tflite3ops5micro11arg_min_max10ArgMinEvalEP13TfLiteContextP10TfLiteNode
                0xffe06eb8        0x6 ./src/tensorflow/lite/micro/kernels/arg_min_max.o
                0xffe06eb8                tflite::ops::micro::arg_min_max::ArgMinEval(TfLiteContext*, TfLiteNode*)
 .text._ZN6tflite3ops5micro11arg_min_max10ArgMaxEvalEP13TfLiteContextP10TfLiteNode
                0xffe06ebe        0x6 ./src/tensorflow/lite/micro/kernels/arg_min_max.o
                0xffe06ebe                tflite::ops::micro::arg_min_max::ArgMaxEval(TfLiteContext*, TfLiteNode*)
 .text._ZN6tflite3ops5micro16Register_ARG_MAXEv
                0xffe06ec4       0x13 ./src/tensorflow/lite/micro/kernels/arg_min_max.o
                0xffe06ec4                tflite::ops::micro::Register_ARG_MAX()
 .text._ZN6tflite3ops5micro16Register_ARG_MINEv
                0xffe06ed7       0x13 ./src/tensorflow/lite/micro/kernels/arg_min_max.o
                0xffe06ed7                tflite::ops::micro::Register_ARG_MIN()
 *fill*         0xffe06eea        0x6 
 .text._ZN6tflite3ops5micro4ceil7PrepareEP13TfLiteContextP10TfLiteNode
                0xffe06ef0      0x218 ./src/tensorflow/lite/micro/kernels/ceil.o
                0xffe06ef0                tflite::ops::micro::ceil::Prepare(TfLiteContext*, TfLiteNode*)
 .text._ZN6tflite3ops5micro4ceil4EvalEP13TfLiteContextP10TfLiteNode
                0xffe07108      0x160 ./src/tensorflow/lite/micro/kernels/ceil.o
                0xffe07108                tflite::ops::micro::ceil::Eval(TfLiteContext*, TfLiteNode*)
 .text._ZN6tflite3ops5micro13Register_CEILEv
                0xffe07268       0x10 ./src/tensorflow/lite/micro/kernels/ceil.o
                0xffe07268                tflite::ops::micro::Register_CEIL()
 .text._ZN6tflite3ops5micro15circular_buffer4FreeEP13TfLiteContextPv
                0xffe07278        0xa ./src/tensorflow/lite/micro/kernels/circular_buffer.o
                0xffe07278                tflite::ops::micro::circular_buffer::Free(TfLiteContext*, void*)
 .text._ZN6tflite3ops5micro15circular_buffer7PrepareEP13TfLiteContextP10TfLiteNode
                0xffe07282      0x1f1 ./src/tensorflow/lite/micro/kernels/circular_buffer.o
                0xffe07282                tflite::ops::micro::circular_buffer::Prepare(TfLiteContext*, TfLiteNode*)
 .text._ZN6tflite3ops5micro15circular_buffer4EvalEP13TfLiteContextP10TfLiteNode
                0xffe07473       0x91 ./src/tensorflow/lite/micro/kernels/circular_buffer.o
                0xffe07473                tflite::ops::micro::circular_buffer::Eval(TfLiteContext*, TfLiteNode*)
 .text._ZN6tflite3ops5micro15circular_buffer8EvalInt8EPKaiiPa
                0xffe07504       0x21 ./src/tensorflow/lite/micro/kernels/circular_buffer.o
                0xffe07504                tflite::ops::micro::circular_buffer::EvalInt8(signed char const*, int, int, signed char*)
 .text._ZN6tflite3ops5micro24Register_CIRCULAR_BUFFEREv
                0xffe07525        0x7 ./src/tensorflow/lite/micro/kernels/circular_buffer.o
                0xffe07525                tflite::ops::micro::Register_CIRCULAR_BUFFER()
 .text._ZN6tflite3ops5micro11comparisons4InitEP13TfLiteContextPKcm
                0xffe0752c        0xf ./src/tensorflow/lite/micro/kernels/comparisons.o
                0xffe0752c                tflite::ops::micro::comparisons::Init(TfLiteContext*, char const*, unsigned long)
 .text._ZN6tflite3ops5micro11comparisons7PrepareEP13TfLiteContextP10TfLiteNode
                0xffe0753b       0xb4 ./src/tensorflow/lite/micro/kernels/comparisons.o
                0xffe0753b                tflite::ops::micro::comparisons::Prepare(TfLiteContext*, TfLiteNode*)
 *fill*         0xffe075ef        0x1 
 .text._ZN6tflite13reference_ops35BroadcastComparison4DSlowPreprocessERKNS_12RuntimeShapeES3_S3_
                0xffe075f0      0x4b0 ./src/tensorflow/lite/micro/kernels/comparisons.o
                0xffe075f0                tflite::reference_ops::BroadcastComparison4DSlowPreprocess(tflite::RuntimeShape const&, tflite::RuntimeShape const&, tflite::RuntimeShape const&)
 .text._ZN6tflite3ops5micro11comparisons12_GLOBAL__N_113LessEqualEvalEP13TfLiteContextP10TfLiteNode
                0xffe07aa0     0x1ff8 ./src/tensorflow/lite/micro/kernels/comparisons.o
 .text._ZN6tflite3ops5micro11comparisons12_GLOBAL__N_18LessEvalEP13TfLiteContextP10TfLiteNode
                0xffe09a98     0x1fe8 ./src/tensorflow/lite/micro/kernels/comparisons.o
 .text._ZN6tflite3ops5micro11comparisons12_GLOBAL__N_116GreaterEqualEvalEP13TfLiteContextP10TfLiteNode
                0xffe0ba80     0x1ff8 ./src/tensorflow/lite/micro/kernels/comparisons.o
 .text._ZN6tflite3ops5micro11comparisons12_GLOBAL__N_111GreaterEvalEP13TfLiteContextP10TfLiteNode
                0xffe0da78     0x1fe8 ./src/tensorflow/lite/micro/kernels/comparisons.o
 .text._ZN6tflite3ops5micro11comparisons12_GLOBAL__N_112NotEqualEvalEP13TfLiteContextP10TfLiteNode
                0xffe0fa60     0x2520 ./src/tensorflow/lite/micro/kernels/comparisons.o
 .text._ZN6tflite3ops5micro11comparisons12_GLOBAL__N_19EqualEvalEP13TfLiteContextP10TfLiteNode
                0xffe11f80     0x2460 ./src/tensorflow/lite/micro/kernels/comparisons.o
 .text._ZN6tflite3ops5micro14Register_EQUALEv
                0xffe143e0       0x10 ./src/tensorflow/lite/micro/kernels/comparisons.o
                0xffe143e0                tflite::ops::micro::Register_EQUAL()
 .text._ZN6tflite3ops5micro18Register_NOT_EQUALEv
                0xffe143f0       0x10 ./src/tensorflow/lite/micro/kernels/comparisons.o
                0xffe143f0                tflite::ops::micro::Register_NOT_EQUAL()
 .text._ZN6tflite3ops5micro16Register_GREATEREv
                0xffe14400       0x10 ./src/tensorflow/lite/micro/kernels/comparisons.o
                0xffe14400                tflite::ops::micro::Register_GREATER()
 .text._ZN6tflite3ops5micro22Register_GREATER_EQUALEv
                0xffe14410       0x10 ./src/tensorflow/lite/micro/kernels/comparisons.o
                0xffe14410                tflite::ops::micro::Register_GREATER_EQUAL()
 .text._ZN6tflite3ops5micro13Register_LESSEv
                0xffe14420       0x10 ./src/tensorflow/lite/micro/kernels/comparisons.o
                0xffe14420                tflite::ops::micro::Register_LESS()
 .text._ZN6tflite3ops5micro19Register_LESS_EQUALEv
                0xffe14430       0x10 ./src/tensorflow/lite/micro/kernels/comparisons.o
                0xffe14430                tflite::ops::micro::Register_LESS_EQUAL()
 .text._ZN6tflite3ops5micro13concatenation4InitEP13TfLiteContextPKcm
                0xffe14440        0xf ./src/tensorflow/lite/micro/kernels/concatenation.o
                0xffe14440                tflite::ops::micro::concatenation::Init(TfLiteContext*, char const*, unsigned long)
 *fill*         0xffe1444f        0x1 
 .text._ZN6tflite3ops5micro13concatenation7PrepareEP13TfLiteContextP10TfLiteNode
                0xffe14450      0x230 ./src/tensorflow/lite/micro/kernels/concatenation.o
                0xffe14450                tflite::ops::micro::concatenation::Prepare(TfLiteContext*, TfLiteNode*)
 .text._ZN6tflite3ops5micro13concatenation18EvalQuantizedUInt8EP13TfLiteContextP10TfLiteNode
                0xffe14680      0x810 ./src/tensorflow/lite/micro/kernels/concatenation.o
                0xffe14680                tflite::ops::micro::concatenation::EvalQuantizedUInt8(TfLiteContext*, TfLiteNode*)
 .text._ZN6tflite3ops5micro22Register_CONCATENATIONEv
                0xffe14e90       0x10 ./src/tensorflow/lite/micro/kernels/concatenation.o
                0xffe14e90                tflite::ops::micro::Register_CONCATENATION()
 .text._ZN6tflite3ops5micro13concatenation15EvalUnquantizedIfEEvP13TfLiteContextP10TfLiteNode
                0xffe14ea0      0x6b0 ./src/tensorflow/lite/micro/kernels/concatenation.o
                0xffe14ea0                void tflite::ops::micro::concatenation::EvalUnquantized<float>(TfLiteContext*, TfLiteNode*)
 .text._ZN6tflite3ops5micro13concatenation15EvalUnquantizedIlEEvP13TfLiteContextP10TfLiteNode
                0xffe15550      0x6b0 ./src/tensorflow/lite/micro/kernels/concatenation.o
                0xffe15550                void tflite::ops::micro::concatenation::EvalUnquantized<long>(TfLiteContext*, TfLiteNode*)
 .text._ZN6tflite3ops5micro13concatenation15EvalUnquantizedIaEEvP13TfLiteContextP10TfLiteNode
                0xffe15c00      0x6c8 ./src/tensorflow/lite/micro/kernels/concatenation.o
                0xffe15c00                void tflite::ops::micro::concatenation::EvalUnquantized<signed char>(TfLiteContext*, TfLiteNode*)
 .text._ZN6tflite3ops5micro13concatenation15EvalUnquantizedIxEEvP13TfLiteContextP10TfLiteNode
                0xffe162c8      0x6b0 ./src/tensorflow/lite/micro/kernels/concatenation.o
                0xffe162c8                void tflite::ops::micro::concatenation::EvalUnquantized<long long>(TfLiteContext*, TfLiteNode*)
 .text._ZN6tflite3ops5micro13concatenation4EvalEP13TfLiteContextP10TfLiteNode
                0xffe16978       0xa7 ./src/tensorflow/lite/micro/kernels/concatenation.o
                0xffe16978                tflite::ops::micro::concatenation::Eval(TfLiteContext*, TfLiteNode*)
 .text._ZN6tflite12_GLOBAL__N_14InitEP13TfLiteContextPKcm
                0xffe16a1f        0xf ./src/tensorflow/lite/micro/kernels/conv.o
 *fill*         0xffe16a2e        0x2 
 .text._ZN6tflite12_GLOBAL__N_17PrepareEP13TfLiteContextP10TfLiteNode
                0xffe16a30      0x3e8 ./src/tensorflow/lite/micro/kernels/conv.o
 .text._ZN6tflite12_GLOBAL__N_123EvalQuantizedPerChannelEP13TfLiteContextP10TfLiteNodeP16TfLiteConvParamsRKNS0_6OpDataEPK16TfLiteEvalTensorSC_SC_PSA_SD_.isra.5
                0xffe16e18      0x6d0 ./src/tensorflow/lite/micro/kernels/conv.o
 .text._ZN6tflite12_GLOBAL__N_14EvalEP13TfLiteContextP10TfLiteNode
                0xffe174e8      0xab8 ./src/tensorflow/lite/micro/kernels/conv.o
 .text._ZN6tflite16Register_CONV_2DEv
                0xffe17fa0       0x10 ./src/tensorflow/lite/micro/kernels/conv.o
                0xffe17fa0                tflite::Register_CONV_2D()
 .text._ZN6tflite12_GLOBAL__N_14InitEP13TfLiteContextPKcm
                0xffe17fb0        0xf ./src/tensorflow/lite/micro/kernels/depthwise_conv.o
 *fill*         0xffe17fbf        0x1 
 .text._ZN6tflite12_GLOBAL__N_17PrepareEP13TfLiteContextP10TfLiteNode
                0xffe17fc0      0x440 ./src/tensorflow/lite/micro/kernels/depthwise_conv.o
 .text._ZN6tflite12_GLOBAL__N_123EvalQuantizedPerChannelEP13TfLiteContextP10TfLiteNodeP25TfLiteDepthwiseConvParamsPNS0_6OpDataEPK16TfLiteEvalTensorSB_SB_PS9_.isra.6
                0xffe18400      0x7b0 ./src/tensorflow/lite/micro/kernels/depthwise_conv.o
 .text._ZN6tflite12_GLOBAL__N_14EvalEP13TfLiteContextP10TfLiteNode
                0xffe18bb0      0xcf8 ./src/tensorflow/lite/micro/kernels/depthwise_conv.o
 .text._ZN6tflite26Register_DEPTHWISE_CONV_2DEv
                0xffe198a8       0x10 ./src/tensorflow/lite/micro/kernels/depthwise_conv.o
                0xffe198a8                tflite::Register_DEPTHWISE_CONV_2D()
 .text._ZN6tflite3ops5micro10dequantize4InitEP13TfLiteContextPKcm
                0xffe198b8        0xf ./src/tensorflow/lite/micro/kernels/dequantize.o
                0xffe198b8                tflite::ops::micro::dequantize::Init(TfLiteContext*, char const*, unsigned long)
 *fill*         0xffe198c7        0x1 
 .text._ZN6tflite3ops5micro10dequantize7PrepareEP13TfLiteContextP10TfLiteNode
                0xffe198c8      0x128 ./src/tensorflow/lite/micro/kernels/dequantize.o
                0xffe198c8                tflite::ops::micro::dequantize::Prepare(TfLiteContext*, TfLiteNode*)
 .text._ZN6tflite3ops5micro10dequantize4EvalEP13TfLiteContextP10TfLiteNode
                0xffe199f0      0x760 ./src/tensorflow/lite/micro/kernels/dequantize.o
                0xffe199f0                tflite::ops::micro::dequantize::Eval(TfLiteContext*, TfLiteNode*)
 .text._ZN6tflite3ops5micro19Register_DEQUANTIZEEv
                0xffe1a150       0x10 ./src/tensorflow/lite/micro/kernels/dequantize.o
                0xffe1a150                tflite::ops::micro::Register_DEQUANTIZE()
 .text._ZN6tflite3ops5micro11elementwise12_GLOBAL__N_114GenericPrepareIXadL_ZNS3_22IsNumericSupportedTypeE10TfLiteTypeEEEE12TfLiteStatusP13TfLiteContextP10TfLiteNode.part.8
                0xffe1a160       0xbd ./src/tensorflow/lite/micro/kernels/elementwise.o
 .text._ZN6tflite3ops5micro11elementwise12_GLOBAL__N_114GenericPrepareIXadL_ZNS3_22IsNumericSupportedTypeE10TfLiteTypeEEEE12TfLiteStatusP13TfLiteContextP10TfLiteNode
                0xffe1a21d       0x75 ./src/tensorflow/lite/micro/kernels/elementwise.o
 .text._ZN6tflite3ops5micro11elementwise12_GLOBAL__N_114GenericPrepareIXadL_ZNS3_22IsLogicalSupportedTypeE10TfLiteTypeEEEE12TfLiteStatusP13TfLiteContextP10TfLiteNode
                0xffe1a292       0x75 ./src/tensorflow/lite/micro/kernels/elementwise.o
 *fill*         0xffe1a307        0x1 
 .text._ZN6tflite3ops5micro11elementwise12_GLOBAL__N_18SqrtEvalEP13TfLiteContextP10TfLiteNode
                0xffe1a308       0xa0 ./src/tensorflow/lite/micro/kernels/elementwise.o
 .text._ZN6tflite3ops5micro11elementwise12_GLOBAL__N_19RsqrtEvalEP13TfLiteContextP10TfLiteNode
                0xffe1a3a8       0xa8 ./src/tensorflow/lite/micro/kernels/elementwise.o
 .text._ZN6tflite3ops5micro11elementwise12_GLOBAL__N_17AbsEvalEP13TfLiteContextP10TfLiteNode
                0xffe1a450       0x98 ./src/tensorflow/lite/micro/kernels/elementwise.o
 .text._ZN6tflite3ops5micro11elementwise12_GLOBAL__N_114LogicalNotEvalEP13TfLiteContextP10TfLiteNode
                0xffe1a4e8       0x98 ./src/tensorflow/lite/micro/kernels/elementwise.o
 .text._ZN6tflite3ops5micro11elementwise12_GLOBAL__N_110SquareEvalEP13TfLiteContextP10TfLiteNode
                0xffe1a580       0x98 ./src/tensorflow/lite/micro/kernels/elementwise.o
 .text._ZN6tflite3ops5micro11elementwise12_GLOBAL__N_17CosEvalEP13TfLiteContextP10TfLiteNode
                0xffe1a618       0xa0 ./src/tensorflow/lite/micro/kernels/elementwise.o
 .text._ZN6tflite3ops5micro11elementwise12_GLOBAL__N_17SinEvalEP13TfLiteContextP10TfLiteNode
                0xffe1a6b8       0xa0 ./src/tensorflow/lite/micro/kernels/elementwise.o
 .text._ZN6tflite3ops5micro11elementwise12_GLOBAL__N_17LogEvalEP13TfLiteContextP10TfLiteNode
                0xffe1a758       0xa0 ./src/tensorflow/lite/micro/kernels/elementwise.o
 .text._ZN6tflite3ops5micro12Register_ABSEv
                0xffe1a7f8       0x10 ./src/tensorflow/lite/micro/kernels/elementwise.o
                0xffe1a7f8                tflite::ops::micro::Register_ABS()
 .text._ZN6tflite3ops5micro12Register_SINEv
                0xffe1a808       0x10 ./src/tensorflow/lite/micro/kernels/elementwise.o
                0xffe1a808                tflite::ops::micro::Register_SIN()
 .text._ZN6tflite3ops5micro12Register_COSEv
                0xffe1a818       0x10 ./src/tensorflow/lite/micro/kernels/elementwise.o
                0xffe1a818                tflite::ops::micro::Register_COS()
 .text._ZN6tflite3ops5micro12Register_LOGEv
                0xffe1a828       0x10 ./src/tensorflow/lite/micro/kernels/elementwise.o
                0xffe1a828                tflite::ops::micro::Register_LOG()
 .text._ZN6tflite3ops5micro13Register_SQRTEv
                0xffe1a838       0x10 ./src/tensorflow/lite/micro/kernels/elementwise.o
                0xffe1a838                tflite::ops::micro::Register_SQRT()
 .text._ZN6tflite3ops5micro14Register_RSQRTEv
                0xffe1a848       0x10 ./src/tensorflow/lite/micro/kernels/elementwise.o
                0xffe1a848                tflite::ops::micro::Register_RSQRT()
 .text._ZN6tflite3ops5micro15Register_SQUAREEv
                0xffe1a858       0x10 ./src/tensorflow/lite/micro/kernels/elementwise.o
                0xffe1a858                tflite::ops::micro::Register_SQUARE()
 .text._ZN6tflite3ops5micro20Register_LOGICAL_NOTEv
                0xffe1a868       0x10 ./src/tensorflow/lite/micro/kernels/elementwise.o
                0xffe1a868                tflite::ops::micro::Register_LOGICAL_NOT()
 .text._ZN6tflite3ops5micro6custom15Register_ETHOSUEv
                0xffe1a878        0x3 ./src/tensorflow/lite/micro/kernels/ethosu.o
                0xffe1a878                tflite::ops::micro::custom::Register_ETHOSU()
 .text._ZN6tflite3ops5micro6custom16GetString_ETHOSUEv
                0xffe1a87b        0x7 ./src/tensorflow/lite/micro/kernels/ethosu.o
                0xffe1a87b                tflite::ops::micro::custom::GetString_ETHOSU()
 *fill*         0xffe1a882        0x6 
 .text._ZN6tflite3ops5micro5floor4EvalEP13TfLiteContextP10TfLiteNode
                0xffe1a888      0x1a8 ./src/tensorflow/lite/micro/kernels/floor.o
                0xffe1a888                tflite::ops::micro::floor::Eval(TfLiteContext*, TfLiteNode*)
 .text._ZN6tflite3ops5micro14Register_FLOOREv
                0xffe1aa30       0x13 ./src/tensorflow/lite/micro/kernels/floor.o
                0xffe1aa30                tflite::ops::micro::Register_FLOOR()
 .text._ZN6tflite12_GLOBAL__N_14InitEP13TfLiteContextPKcm
                0xffe1aa43        0xf ./src/tensorflow/lite/micro/kernels/fully_connected.o
 *fill*         0xffe1aa52        0x6 
 .text._ZN6tflite12_GLOBAL__N_117EvalQuantizedInt8EP13TfLiteContextP10TfLiteNodeRKNS0_6OpDataEPK16TfLiteEvalTensorSA_SA_PS8_.isra.4
                0xffe1aa58      0x508 ./src/tensorflow/lite/micro/kernels/fully_connected.o
 .text._ZN6tflite12_GLOBAL__N_14EvalEP13TfLiteContextP10TfLiteNode
                0xffe1af60      0x940 ./src/tensorflow/lite/micro/kernels/fully_connected.o
 .text._ZN6tflite12_GLOBAL__N_17PrepareEP13TfLiteContextP10TfLiteNode
                0xffe1b8a0      0x200 ./src/tensorflow/lite/micro/kernels/fully_connected.o
 .text._ZN6tflite24Register_FULLY_CONNECTEDEv
                0xffe1baa0       0x35 ./src/tensorflow/lite/micro/kernels/fully_connected.o
                0xffe1baa0                tflite::Register_FULLY_CONNECTED()
 .text._ZN6tflite3ops5micro10hard_swish13HardSwishInitEP13TfLiteContextPKcm
                0xffe1bad5        0xf ./src/tensorflow/lite/micro/kernels/hard_swish.o
                0xffe1bad5                tflite::ops::micro::hard_swish::HardSwishInit(TfLiteContext*, char const*, unsigned long)
 *fill*         0xffe1bae4        0x4 
 .text._ZN6tflite3ops5micro10hard_swish16HardSwishPrepareEP13TfLiteContextP10TfLiteNode
                0xffe1bae8      0x1a8 ./src/tensorflow/lite/micro/kernels/hard_swish.o
                0xffe1bae8                tflite::ops::micro::hard_swish::HardSwishPrepare(TfLiteContext*, TfLiteNode*)
 .text._ZN6tflite3ops5micro10hard_swish13HardSwishEvalEP13TfLiteContextP10TfLiteNode
                0xffe1bc90      0x740 ./src/tensorflow/lite/micro/kernels/hard_swish.o
                0xffe1bc90                tflite::ops::micro::hard_swish::HardSwishEval(TfLiteContext*, TfLiteNode*)
 .text._ZN6tflite3ops5micro19Register_HARD_SWISHEv
                0xffe1c3d0       0x10 ./src/tensorflow/lite/micro/kernels/hard_swish.o
                0xffe1c3d0                tflite::ops::micro::Register_HARD_SWISH()
 .text._ZN6tflite5micro12KernelRunner9GetTensorEPK13TfLiteContexti
                0xffe1c3e0       0x15 ./src/tensorflow/lite/micro/kernels/kernel_runner.o
                0xffe1c3e0                tflite::micro::KernelRunner::GetTensor(TfLiteContext const*, int)
 .text._ZN6tflite5micro12KernelRunner13GetEvalTensorEPK13TfLiteContexti
                0xffe1c3f5       0x38 ./src/tensorflow/lite/micro/kernels/kernel_runner.o
                0xffe1c3f5                tflite::micro::KernelRunner::GetEvalTensor(TfLiteContext const*, int)
 .text._ZN6tflite5micro12KernelRunner24AllocatePersistentBufferEP13TfLiteContextm
                0xffe1c42d       0x1a ./src/tensorflow/lite/micro/kernels/kernel_runner.o
                0xffe1c42d                tflite::micro::KernelRunner::AllocatePersistentBuffer(TfLiteContext*, unsigned long)
 .text._ZN6tflite5micro12KernelRunner27RequestScratchBufferInArenaEP13TfLiteContextmPi
                0xffe1c447       0x5d ./src/tensorflow/lite/micro/kernels/kernel_runner.o
                0xffe1c447                tflite::micro::KernelRunner::RequestScratchBufferInArena(TfLiteContext*, unsigned long, int*)
 .text._ZN6tflite5micro12KernelRunner16GetScratchBufferEP13TfLiteContexti
                0xffe1c4a4       0x23 ./src/tensorflow/lite/micro/kernels/kernel_runner.o
                0xffe1c4a4                tflite::micro::KernelRunner::GetScratchBuffer(TfLiteContext*, int)
 .text._ZN6tflite5micro12KernelRunner13ReportOpErrorEP13TfLiteContextPKcz
                0xffe1c4c7       0x26 ./src/tensorflow/lite/micro/kernels/kernel_runner.o
                0xffe1c4c7                tflite::micro::KernelRunner::ReportOpError(TfLiteContext*, char const*, ...)
 .text._ZN6tflite5micro12KernelRunnerC2ERK18TfLiteRegistrationP12TfLiteTensoriP14TfLiteIntArrayS8_PvPNS_13ErrorReporterE
                0xffe1c4ed       0x87 ./src/tensorflow/lite/micro/kernels/kernel_runner.o
                0xffe1c4ed                tflite::micro::KernelRunner::KernelRunner(TfLiteRegistration const&, TfLiteTensor*, int, TfLiteIntArray*, TfLiteIntArray*, void*, tflite::ErrorReporter*)
                0xffe1c4ed                tflite::micro::KernelRunner::KernelRunner(TfLiteRegistration const&, TfLiteTensor*, int, TfLiteIntArray*, TfLiteIntArray*, void*, tflite::ErrorReporter*)
 *fill*         0xffe1c574        0x4 
 .text._ZN6tflite5micro12KernelRunner14InitAndPrepareEPKc
                0xffe1c578       0x30 ./src/tensorflow/lite/micro/kernels/kernel_runner.o
                0xffe1c578                tflite::micro::KernelRunner::InitAndPrepare(char const*)
 .text._ZN6tflite5micro12KernelRunner6InvokeEv
                0xffe1c5a8       0x24 ./src/tensorflow/lite/micro/kernels/kernel_runner.o
                0xffe1c5a8                tflite::micro::KernelRunner::Invoke()
 .text._ZN6tflite5micro14HaveSameShapesEPK16TfLiteEvalTensorS3_
                0xffe1c5cc       0x1a ./src/tensorflow/lite/micro/kernels/kernel_util.o
                0xffe1c5cc                tflite::micro::HaveSameShapes(TfLiteEvalTensor const*, TfLiteEvalTensor const*)
 *fill*         0xffe1c5e6        0x2 
 .text._ZN6tflite5micro14GetTensorShapeEPK16TfLiteEvalTensor
                0xffe1c5e8       0x60 ./src/tensorflow/lite/micro/kernels/kernel_util.o
                0xffe1c5e8                tflite::micro::GetTensorShape(TfLiteEvalTensor const*)
 .text._ZN6tflite3ops5micro6l2norm4InitEP13TfLiteContextPKcm
                0xffe1c648        0xe ./src/tensorflow/lite/micro/kernels/l2norm.o
                0xffe1c648                tflite::ops::micro::l2norm::Init(TfLiteContext*, char const*, unsigned long)
 *fill*         0xffe1c656        0x2 
 .text._ZN6tflite3ops5micro6l2norm7PrepareEP13TfLiteContextP10TfLiteNode
                0xffe1c658      0x1b0 ./src/tensorflow/lite/micro/kernels/l2norm.o
                0xffe1c658                tflite::ops::micro::l2norm::Prepare(TfLiteContext*, TfLiteNode*)
 .text._ZN6tflite3ops5micro6l2norm4EvalEP13TfLiteContextP10TfLiteNode
                0xffe1c808     0x11f8 ./src/tensorflow/lite/micro/kernels/l2norm.o
                0xffe1c808                tflite::ops::micro::l2norm::Eval(TfLiteContext*, TfLiteNode*)
 .text._ZN6tflite3ops5micro19Register_L2NORM_REFEv
                0xffe1da00       0x10 ./src/tensorflow/lite/micro/kernels/l2norm.o
                0xffe1da00                tflite::ops::micro::Register_L2NORM_REF()
 .text._ZN6tflite3ops5micro25Register_L2_NORMALIZATIONEv
                0xffe1da10       0x10 ./src/tensorflow/lite/micro/kernels/l2norm.o
                0xffe1da10                tflite::ops::micro::Register_L2_NORMALIZATION()
 .text._ZN6tflite3ops5micro7logical12_GLOBAL__N_19LogicalOrEbb
                0xffe1da20        0x8 ./src/tensorflow/lite/micro/kernels/logical.o
 .text._ZN6tflite3ops5micro7logical12_GLOBAL__N_110LogicalAndEbb
                0xffe1da28       0x10 ./src/tensorflow/lite/micro/kernels/logical.o
 .text._ZN6tflite3ops5micro7logical12_GLOBAL__N_111LogicalImplEP13TfLiteContextP10TfLiteNodePFbbbE
                0xffe1da38      0x7e8 ./src/tensorflow/lite/micro/kernels/logical.o
 .text._ZN6tflite3ops5micro7logical12_GLOBAL__N_113LogicalOrEvalEP13TfLiteContextP10TfLiteNode
                0xffe1e220        0xa ./src/tensorflow/lite/micro/kernels/logical.o
 .text._ZN6tflite3ops5micro7logical12_GLOBAL__N_114LogicalAndEvalEP13TfLiteContextP10TfLiteNode
                0xffe1e22a        0xa ./src/tensorflow/lite/micro/kernels/logical.o
 .text._ZN6tflite3ops5micro19Register_LOGICAL_OREv
                0xffe1e234       0x13 ./src/tensorflow/lite/micro/kernels/logical.o
                0xffe1e234                tflite::ops::micro::Register_LOGICAL_OR()
 .text._ZN6tflite3ops5micro20Register_LOGICAL_ANDEv
                0xffe1e247       0x13 ./src/tensorflow/lite/micro/kernels/logical.o
                0xffe1e247                tflite::ops::micro::Register_LOGICAL_AND()
 .text._ZN6tflite3ops5micro11activations12LogisticInitEP13TfLiteContextPKcm
                0xffe1e25a        0xf ./src/tensorflow/lite/micro/kernels/logistic.o
                0xffe1e25a                tflite::ops::micro::activations::LogisticInit(TfLiteContext*, char const*, unsigned long)
 *fill*         0xffe1e269        0x7 
 .text._ZN6tflite3ops5micro11activations15LogisticPrepareEP13TfLiteContextP10TfLiteNode
                0xffe1e270      0x128 ./src/tensorflow/lite/micro/kernels/logistic.o
                0xffe1e270                tflite::ops::micro::activations::LogisticPrepare(TfLiteContext*, TfLiteNode*)
 .text._ZN6tflite3ops5micro17Register_LOGISTICEv
                0xffe1e398       0x10 ./src/tensorflow/lite/micro/kernels/logistic.o
                0xffe1e398                tflite::ops::micro::Register_LOGISTIC()
 .text._ZN8gemmlowp32one_over_one_plus_x_for_x_in_0_1IlEENS_10FixedPointIT_Li0EEES3_
                0xffe1e3a8      0x468 ./src/tensorflow/lite/micro/kernels/logistic.o
                0xffe1e3a8                gemmlowp::FixedPoint<long, 0> gemmlowp::one_over_one_plus_x_for_x_in_0_1<long>(gemmlowp::FixedPoint<long, 0>)
 .text._ZN8gemmlowp55exp_on_interval_between_negative_one_quarter_and_0_exclIlEENS_10FixedPointIT_Li0EEES3_
                0xffe1e810      0x150 ./src/tensorflow/lite/micro/kernels/logistic.o
                0xffe1e810                gemmlowp::FixedPoint<long, 0> gemmlowp::exp_on_interval_between_negative_one_quarter_and_0_excl<long>(gemmlowp::FixedPoint<long, 0>)
 .text._ZN8gemmlowp22exp_on_negative_valuesIlLi4EEENS_10FixedPointIT_Li0EEENS1_IS2_XT0_EEE
                0xffe1e960      0x208 ./src/tensorflow/lite/micro/kernels/logistic.o
                0xffe1e960                gemmlowp::FixedPoint<long, 0> gemmlowp::exp_on_negative_values<long, 4>(gemmlowp::FixedPoint<long, 4>)
 .text._ZN6tflite3ops5micro11activations12LogisticEvalEP13TfLiteContextP10TfLiteNode
                0xffe1eb68      0x3e0 ./src/tensorflow/lite/micro/kernels/logistic.o
                0xffe1eb68                tflite::ops::micro::activations::LogisticEval(TfLiteContext*, TfLiteNode*)
 .text._ZN6tflite3ops5micro15maximum_minimum12_GLOBAL__N_19MaximumOp2opIfEET_S6_S6_
                0xffe1ef48        0x8 ./src/tensorflow/lite/micro/kernels/maximum_minimum.o
 .text._ZN6tflite3ops5micro15maximum_minimum12_GLOBAL__N_19MaximumOp2opIhEET_S6_S6_
                0xffe1ef50       0x10 ./src/tensorflow/lite/micro/kernels/maximum_minimum.o
 .text._ZN6tflite3ops5micro15maximum_minimum12_GLOBAL__N_19MaximumOp2opIaEET_S6_S6_
                0xffe1ef60        0x8 ./src/tensorflow/lite/micro/kernels/maximum_minimum.o
 .text._ZN6tflite3ops5micro15maximum_minimum12_GLOBAL__N_19MaximumOp2opIlEET_S6_S6_
                0xffe1ef68        0x4 ./src/tensorflow/lite/micro/kernels/maximum_minimum.o
 *fill*         0xffe1ef6c        0x4 
 .text._ZN6tflite3ops5micro15maximum_minimum12_GLOBAL__N_19MaximumOp2opIxEET_S6_S6_
                0xffe1ef70       0x10 ./src/tensorflow/lite/micro/kernels/maximum_minimum.o
 .text._ZN6tflite3ops5micro15maximum_minimum12_GLOBAL__N_19MinimumOp2opIfEET_S6_S6_
                0xffe1ef80        0x8 ./src/tensorflow/lite/micro/kernels/maximum_minimum.o
 .text._ZN6tflite3ops5micro15maximum_minimum12_GLOBAL__N_19MinimumOp2opIhEET_S6_S6_
                0xffe1ef88       0x10 ./src/tensorflow/lite/micro/kernels/maximum_minimum.o
 .text._ZN6tflite3ops5micro15maximum_minimum12_GLOBAL__N_19MinimumOp2opIaEET_S6_S6_
                0xffe1ef98        0x8 ./src/tensorflow/lite/micro/kernels/maximum_minimum.o
 .text._ZN6tflite3ops5micro15maximum_minimum12_GLOBAL__N_19MinimumOp2opIlEET_S6_S6_
                0xffe1efa0        0x4 ./src/tensorflow/lite/micro/kernels/maximum_minimum.o
 *fill*         0xffe1efa4        0x4 
 .text._ZN6tflite3ops5micro15maximum_minimum12_GLOBAL__N_19MinimumOp2opIxEET_S6_S6_
                0xffe1efa8       0x10 ./src/tensorflow/lite/micro/kernels/maximum_minimum.o
 .text._ZN6tflite3ops5micro16Register_MAXIMUMEv
                0xffe1efb8       0x13 ./src/tensorflow/lite/micro/kernels/maximum_minimum.o
                0xffe1efb8                tflite::ops::micro::Register_MAXIMUM()
 .text._ZN6tflite3ops5micro16Register_MINIMUMEv
                0xffe1efcb       0x13 ./src/tensorflow/lite/micro/kernels/maximum_minimum.o
                0xffe1efcb                tflite::ops::micro::Register_MINIMUM()
 *fill*         0xffe1efde        0x2 
 .text._ZN6tflite15NDOpsHelperImplILi5ELi1EZNS_13reference_ops27MaximumMinimumBroadcastSlowIfPFfffELi5EEEvRKNS_12RuntimeShapeEPKT_S7_SA_S7_PS8_T0_EUlPiE_EENSt9enable_ifIXneT0_miT_Li1EEvE4typeERKNS_11NdArrayDescIXT_EEERKT1_SD_
                0xffe1efe0      0x158 ./src/tensorflow/lite/micro/kernels/maximum_minimum.o
                0xffe1efe0                std::enable_if<(1)!=((5)-(1)), void>::type tflite::NDOpsHelperImpl<5, 1, void tflite::reference_ops::MaximumMinimumBroadcastSlow<float, float (*)(float, float), 5>(tflite::RuntimeShape const&, float const*, tflite::RuntimeShape const&, float const*, tflite::RuntimeShape const&, float*, float (*)(float, float))::{lambda(int*)#1}>(tflite::NdArrayDesc<5> const&, void tflite::reference_ops::MaximumMinimumBroadcastSlow<float, float (*)(float, float), 5>(tflite::RuntimeShape const&, float const*, tflite::RuntimeShape const&, float const*, tflite::RuntimeShape const&, float*, float (*)(float, float))::{lambda(int*)#1} const&, int*)
 .text._ZN6tflite13reference_ops27MaximumMinimumBroadcastSlowIfPFfffELi5EEEvRKNS_12RuntimeShapeEPKT_S6_S9_S6_PS7_T0_
                0xffe1f138      0x670 ./src/tensorflow/lite/micro/kernels/maximum_minimum.o
                0xffe1f138                void tflite::reference_ops::MaximumMinimumBroadcastSlow<float, float (*)(float, float), 5>(tflite::RuntimeShape const&, float const*, tflite::RuntimeShape const&, float const*, tflite::RuntimeShape const&, float*, float (*)(float, float))
 .text._ZN6tflite15NDOpsHelperImplILi5ELi1EZNS_13reference_ops27MaximumMinimumBroadcastSlowIhPFhhhELi5EEEvRKNS_12RuntimeShapeEPKT_S7_SA_S7_PS8_T0_EUlPiE_EENSt9enable_ifIXneT0_miT_Li1EEvE4typeERKNS_11NdArrayDescIXT_EEERKT1_SD_
                0xffe1f7a8      0x160 ./src/tensorflow/lite/micro/kernels/maximum_minimum.o
                0xffe1f7a8                std::enable_if<(1)!=((5)-(1)), void>::type tflite::NDOpsHelperImpl<5, 1, void tflite::reference_ops::MaximumMinimumBroadcastSlow<unsigned char, unsigned char (*)(unsigned char, unsigned char), 5>(tflite::RuntimeShape const&, unsigned char const*, tflite::RuntimeShape const&, unsigned char const*, tflite::RuntimeShape const&, unsigned char*, unsigned char (*)(unsigned char, unsigned char))::{lambda(int*)#1}>(tflite::NdArrayDesc<5> const&, void tflite::reference_ops::MaximumMinimumBroadcastSlow<unsigned char, unsigned char (*)(unsigned char, unsigned char), 5>(tflite::RuntimeShape const&, unsigned char const*, tflite::RuntimeShape const&, unsigned char const*, tflite::RuntimeShape const&, unsigned char*, unsigned char (*)(unsigned char, unsigned char))::{lambda(int*)#1} const&, int*)
 .text._ZN6tflite13reference_ops27MaximumMinimumBroadcastSlowIhPFhhhELi5EEEvRKNS_12RuntimeShapeEPKT_S6_S9_S6_PS7_T0_
                0xffe1f908      0x668 ./src/tensorflow/lite/micro/kernels/maximum_minimum.o
                0xffe1f908                void tflite::reference_ops::MaximumMinimumBroadcastSlow<unsigned char, unsigned char (*)(unsigned char, unsigned char), 5>(tflite::RuntimeShape const&, unsigned char const*, tflite::RuntimeShape const&, unsigned char const*, tflite::RuntimeShape const&, unsigned char*, unsigned char (*)(unsigned char, unsigned char))
 .text._ZN6tflite15NDOpsHelperImplILi5ELi1EZNS_13reference_ops27MaximumMinimumBroadcastSlowIaPFaaaELi5EEEvRKNS_12RuntimeShapeEPKT_S7_SA_S7_PS8_T0_EUlPiE_EENSt9enable_ifIXneT0_miT_Li1EEvE4typeERKNS_11NdArrayDescIXT_EEERKT1_SD_
                0xffe1ff70      0x160 ./src/tensorflow/lite/micro/kernels/maximum_minimum.o
                0xffe1ff70                std::enable_if<(1)!=((5)-(1)), void>::type tflite::NDOpsHelperImpl<5, 1, void tflite::reference_ops::MaximumMinimumBroadcastSlow<signed char, signed char (*)(signed char, signed char), 5>(tflite::RuntimeShape const&, signed char const*, tflite::RuntimeShape const&, signed char const*, tflite::RuntimeShape const&, signed char*, signed char (*)(signed char, signed char))::{lambda(int*)#1}>(tflite::NdArrayDesc<5> const&, void tflite::reference_ops::MaximumMinimumBroadcastSlow<signed char, signed char (*)(signed char, signed char), 5>(tflite::RuntimeShape const&, signed char const*, tflite::RuntimeShape const&, signed char const*, tflite::RuntimeShape const&, signed char*, signed char (*)(signed char, signed char))::{lambda(int*)#1} const&, int*)
 .text._ZN6tflite13reference_ops27MaximumMinimumBroadcastSlowIaPFaaaELi5EEEvRKNS_12RuntimeShapeEPKT_S6_S9_S6_PS7_T0_
                0xffe200d0      0x668 ./src/tensorflow/lite/micro/kernels/maximum_minimum.o
                0xffe200d0                void tflite::reference_ops::MaximumMinimumBroadcastSlow<signed char, signed char (*)(signed char, signed char), 5>(tflite::RuntimeShape const&, signed char const*, tflite::RuntimeShape const&, signed char const*, tflite::RuntimeShape const&, signed char*, signed char (*)(signed char, signed char))
 .text._ZN6tflite15NDOpsHelperImplILi5ELi1EZNS_13reference_ops27MaximumMinimumBroadcastSlowIlPFlllELi5EEEvRKNS_12RuntimeShapeEPKT_S7_SA_S7_PS8_T0_EUlPiE_EENSt9enable_ifIXneT0_miT_Li1EEvE4typeERKNS_11NdArrayDescIXT_EEERKT1_SD_
                0xffe20738      0x158 ./src/tensorflow/lite/micro/kernels/maximum_minimum.o
                0xffe20738                std::enable_if<(1)!=((5)-(1)), void>::type tflite::NDOpsHelperImpl<5, 1, void tflite::reference_ops::MaximumMinimumBroadcastSlow<long, long (*)(long, long), 5>(tflite::RuntimeShape const&, long const*, tflite::RuntimeShape const&, long const*, tflite::RuntimeShape const&, long*, long (*)(long, long))::{lambda(int*)#1}>(tflite::NdArrayDesc<5> const&, void tflite::reference_ops::MaximumMinimumBroadcastSlow<long, long (*)(long, long), 5>(tflite::RuntimeShape const&, long const*, tflite::RuntimeShape const&, long const*, tflite::RuntimeShape const&, long*, long (*)(long, long))::{lambda(int*)#1} const&, int*)
 .text._ZN6tflite13reference_ops27MaximumMinimumBroadcastSlowIlPFlllELi5EEEvRKNS_12RuntimeShapeEPKT_S6_S9_S6_PS7_T0_
                0xffe20890      0x670 ./src/tensorflow/lite/micro/kernels/maximum_minimum.o
                0xffe20890                void tflite::reference_ops::MaximumMinimumBroadcastSlow<long, long (*)(long, long), 5>(tflite::RuntimeShape const&, long const*, tflite::RuntimeShape const&, long const*, tflite::RuntimeShape const&, long*, long (*)(long, long))
 .text._ZN6tflite15NDOpsHelperImplILi5ELi1EZNS_13reference_ops27MaximumMinimumBroadcastSlowIxPFxxxELi5EEEvRKNS_12RuntimeShapeEPKT_S7_SA_S7_PS8_T0_EUlPiE_EENSt9enable_ifIXneT0_miT_Li1EEvE4typeERKNS_11NdArrayDescIXT_EEERKT1_SD_
                0xffe20f00      0x150 ./src/tensorflow/lite/micro/kernels/maximum_minimum.o
                0xffe20f00                std::enable_if<(1)!=((5)-(1)), void>::type tflite::NDOpsHelperImpl<5, 1, void tflite::reference_ops::MaximumMinimumBroadcastSlow<long long, long long (*)(long long, long long), 5>(tflite::RuntimeShape const&, long long const*, tflite::RuntimeShape const&, long long const*, tflite::RuntimeShape const&, long long*, long long (*)(long long, long long))::{lambda(int*)#1}>(tflite::NdArrayDesc<5> const&, void tflite::reference_ops::MaximumMinimumBroadcastSlow<long long, long long (*)(long long, long long), 5>(tflite::RuntimeShape const&, long long const*, tflite::RuntimeShape const&, long long const*, tflite::RuntimeShape const&, long long*, long long (*)(long long, long long))::{lambda(int*)#1} const&, int*)
 .text._ZN6tflite13reference_ops27MaximumMinimumBroadcastSlowIxPFxxxELi5EEEvRKNS_12RuntimeShapeEPKT_S6_S9_S6_PS7_T0_
                0xffe21050      0x678 ./src/tensorflow/lite/micro/kernels/maximum_minimum.o
                0xffe21050                void tflite::reference_ops::MaximumMinimumBroadcastSlow<long long, long long (*)(long long, long long), 5>(tflite::RuntimeShape const&, long long const*, tflite::RuntimeShape const&, long long const*, tflite::RuntimeShape const&, long long*, long long (*)(long long, long long))
 .text._ZN6tflite3ops5micro15maximum_minimum4EvalILNS2_12_GLOBAL__N_110KernelTypeE0ENS4_9MaximumOpEEE12TfLiteStatusP13TfLiteContextP10TfLiteNode
                0xffe216c8      0x318 ./src/tensorflow/lite/micro/kernels/maximum_minimum.o
 .text._ZN6tflite3ops5micro15maximum_minimum4EvalILNS2_12_GLOBAL__N_110KernelTypeE0ENS4_9MinimumOpEEE12TfLiteStatusP13TfLiteContextP10TfLiteNode
                0xffe219e0      0x318 ./src/tensorflow/lite/micro/kernels/maximum_minimum.o
 .text._ZN6tflite3ops5micro3mul4InitEP13TfLiteContextPKcm
                0xffe21cf8        0xf ./src/tensorflow/lite/micro/kernels/mul.o
                0xffe21cf8                tflite::ops::micro::mul::Init(TfLiteContext*, char const*, unsigned long)
 *fill*         0xffe21d07        0x1 
 .text._ZN6tflite3ops5micro3mul13EvalQuantizedEP13TfLiteContextP10TfLiteNodeP15TfLiteMulParamsRKNS2_6OpDataEPK16TfLiteEvalTensorSE_PSC_.part.9
                0xffe21d08     0x2110 ./src/tensorflow/lite/micro/kernels/mul.o
 .text._ZN6tflite3ops5micro3mul15CalculateOpDataEP13TfLiteContextP10TfLiteNodeP15TfLiteMulParamsPNS2_6OpDataE
                0xffe23e18      0x120 ./src/tensorflow/lite/micro/kernels/mul.o
                0xffe23e18                tflite::ops::micro::mul::CalculateOpData(TfLiteContext*, TfLiteNode*, TfLiteMulParams*, tflite::ops::micro::mul::OpData*)
 .text._ZN6tflite3ops5micro3mul7PrepareEP13TfLiteContextP10TfLiteNode
                0xffe23f38       0x63 ./src/tensorflow/lite/micro/kernels/mul.o
                0xffe23f38                tflite::ops::micro::mul::Prepare(TfLiteContext*, TfLiteNode*)
 .text._ZN6tflite3ops5micro3mul13EvalQuantizedEP13TfLiteContextP10TfLiteNodeP15TfLiteMulParamsRKNS2_6OpDataEPK16TfLiteEvalTensorSE_PSC_
                0xffe23f9b       0x24 ./src/tensorflow/lite/micro/kernels/mul.o
                0xffe23f9b                tflite::ops::micro::mul::EvalQuantized(TfLiteContext*, TfLiteNode*, TfLiteMulParams*, tflite::ops::micro::mul::OpData const&, TfLiteEvalTensor const*, TfLiteEvalTensor const*, TfLiteEvalTensor*)
 .text._ZN6tflite3ops5micro12Register_MULEv
                0xffe23fbf       0x10 ./src/tensorflow/lite/micro/kernels/mul.o
                0xffe23fbf                tflite::ops::micro::Register_MUL()
 *fill*         0xffe23fcf        0x1 
 .text._ZN6tflite13reference_ops18BroadcastMul4DSlowIfEEvRKNS_16ArithmeticParamsERKNS_12RuntimeShapeEPKT_S7_SA_S7_PS8_
                0xffe23fd0      0x660 ./src/tensorflow/lite/micro/kernels/mul.o
                0xffe23fd0                void tflite::reference_ops::BroadcastMul4DSlow<float>(tflite::ArithmeticParams const&, tflite::RuntimeShape const&, float const*, tflite::RuntimeShape const&, float const*, tflite::RuntimeShape const&, float*)
 .text._ZN6tflite3ops5micro3mul9EvalFloatEP13TfLiteContextP10TfLiteNodeP15TfLiteMulParamsPK16TfLiteEvalTensorSB_PS9_
                0xffe24630     0x14e0 ./src/tensorflow/lite/micro/kernels/mul.o
                0xffe24630                tflite::ops::micro::mul::EvalFloat(TfLiteContext*, TfLiteNode*, TfLiteMulParams*, TfLiteEvalTensor const*, TfLiteEvalTensor const*, TfLiteEvalTensor*)
 .text._ZN6tflite3ops5micro3mul9EvalFloatEP13TfLiteContextP10TfLiteNodeP15TfLiteMulParamsPK16TfLiteEvalTensorSB_PS9_.constprop.10
                0xffe25b10     0x1530 ./src/tensorflow/lite/micro/kernels/mul.o
 .text._ZN6tflite3ops5micro3mul4EvalEP13TfLiteContextP10TfLiteNode
                0xffe27040       0x9a ./src/tensorflow/lite/micro/kernels/mul.o
                0xffe27040                tflite::ops::micro::mul::Eval(TfLiteContext*, TfLiteNode*)
 *fill*         0xffe270da        0x6 
 .text._ZN6tflite3ops5micro3neg4EvalEP13TfLiteContextP10TfLiteNode
                0xffe270e0      0x178 ./src/tensorflow/lite/micro/kernels/neg.o
                0xffe270e0                tflite::ops::micro::neg::Eval(TfLiteContext*, TfLiteNode*)
 .text._ZN6tflite3ops5micro12Register_NEGEv
                0xffe27258       0x13 ./src/tensorflow/lite/micro/kernels/neg.o
                0xffe27258                tflite::ops::micro::Register_NEG()
 *fill*         0xffe2726b        0x5 
 .text._ZN6tflite3ops5micro4pack12_GLOBAL__N_14EvalEP13TfLiteContextP10TfLiteNode
                0xffe27270      0x660 ./src/tensorflow/lite/micro/kernels/pack.o
 .text._ZN6tflite3ops5micro13Register_PACKEv
                0xffe278d0       0x13 ./src/tensorflow/lite/micro/kernels/pack.o
                0xffe278d0                tflite::ops::micro::Register_PACK()
 .text._ZN6tflite3ops5micro3pad4InitEP13TfLiteContextPKcm
                0xffe278e3        0xf ./src/tensorflow/lite/micro/kernels/pad.o
                0xffe278e3                tflite::ops::micro::pad::Init(TfLiteContext*, char const*, unsigned long)
 *fill*         0xffe278f2        0x6 
 .text._ZN6tflite3ops5micro3pad7PrepareEP13TfLiteContextP10TfLiteNode
                0xffe278f8      0x608 ./src/tensorflow/lite/micro/kernels/pad.o
                0xffe278f8                tflite::ops::micro::pad::Prepare(TfLiteContext*, TfLiteNode*)
 .text._ZN6tflite3ops5micro3pad4EvalEP13TfLiteContextP10TfLiteNode
                0xffe27f00     0x1978 ./src/tensorflow/lite/micro/kernels/pad.o
                0xffe27f00                tflite::ops::micro::pad::Eval(TfLiteContext*, TfLiteNode*)
 .text._ZN6tflite3ops5micro12Register_PADEv
                0xffe29878       0x10 ./src/tensorflow/lite/micro/kernels/pad.o
                0xffe29878                tflite::ops::micro::Register_PAD()
 .text._ZN6tflite3ops5micro14Register_PADV2Ev
                0xffe29888       0x10 ./src/tensorflow/lite/micro/kernels/pad.o
                0xffe29888                tflite::ops::micro::Register_PADV2()
 .text._ZN6tflite3ops5micro7pooling4InitEP13TfLiteContextPKcm
                0xffe29898        0xf ./src/tensorflow/lite/micro/kernels/pooling.o
                0xffe29898                tflite::ops::micro::pooling::Init(TfLiteContext*, char const*, unsigned long)
 *fill*         0xffe298a7        0x1 
 .text._ZN6tflite3ops5micro7pooling12_GLOBAL__N_115CalculateOpDataEP13TfLiteContextPK16TfLitePoolParamsPK12TfLiteTensorPS9_PNS3_6OpDataE
                0xffe298a8       0xb0 ./src/tensorflow/lite/micro/kernels/pooling.o
 .text._ZN6tflite3ops5micro7pooling10MaxPrepareEP13TfLiteContextP10TfLiteNode
                0xffe29958       0x3d ./src/tensorflow/lite/micro/kernels/pooling.o
                0xffe29958                tflite::ops::micro::pooling::MaxPrepare(TfLiteContext*, TfLiteNode*)
 *fill*         0xffe29995        0x3 
 .text._ZN6tflite3ops5micro7pooling14AveragePrepareEP13TfLiteContextP10TfLiteNode
                0xffe29998       0xe8 ./src/tensorflow/lite/micro/kernels/pooling.o
                0xffe29998                tflite::ops::micro::pooling::AveragePrepare(TfLiteContext*, TfLiteNode*)
 .text._ZN6tflite3ops5micro7pooling7MaxEvalEP13TfLiteContextP10TfLiteNode
                0xffe29a80      0x7f8 ./src/tensorflow/lite/micro/kernels/pooling.o
                0xffe29a80                tflite::ops::micro::pooling::MaxEval(TfLiteContext*, TfLiteNode*)
 .text._ZN6tflite3ops5micro7pooling11AverageEvalEP13TfLiteContextP10TfLiteNode
                0xffe2a278      0x770 ./src/tensorflow/lite/micro/kernels/pooling.o
                0xffe2a278                tflite::ops::micro::pooling::AverageEval(TfLiteContext*, TfLiteNode*)
 .text._ZN6tflite3ops5micro24Register_AVERAGE_POOL_2DEv
                0xffe2a9e8       0x10 ./src/tensorflow/lite/micro/kernels/pooling.o
                0xffe2a9e8                tflite::ops::micro::Register_AVERAGE_POOL_2D()
 .text._ZN6tflite3ops5micro20Register_MAX_POOL_2DEv
                0xffe2a9f8       0x10 ./src/tensorflow/lite/micro/kernels/pooling.o
                0xffe2a9f8                tflite::ops::micro::Register_MAX_POOL_2D()
 .text._ZN6tflite3ops5micro11activations9PreluInitEP13TfLiteContextPKcm
                0xffe2aa08        0xf ./src/tensorflow/lite/micro/kernels/prelu.o
                0xffe2aa08                tflite::ops::micro::activations::PreluInit(TfLiteContext*, char const*, unsigned long)
 .text._ZN6tflite3ops5micro11activations12PreluPrepareEP13TfLiteContextP10TfLiteNode
                0xffe2aa17       0xd3 ./src/tensorflow/lite/micro/kernels/prelu.o
                0xffe2aa17                tflite::ops::micro::activations::PreluPrepare(TfLiteContext*, TfLiteNode*)
 *fill*         0xffe2aaea        0x6 
 .text._ZN6tflite3ops5micro11activations9PreluEvalEP13TfLiteContextP10TfLiteNode
                0xffe2aaf0     0x1728 ./src/tensorflow/lite/micro/kernels/prelu.o
                0xffe2aaf0                tflite::ops::micro::activations::PreluEval(TfLiteContext*, TfLiteNode*)
 .text._ZN6tflite3ops5micro14Register_PRELUEv
                0xffe2c218       0x10 ./src/tensorflow/lite/micro/kernels/prelu.o
                0xffe2c218                tflite::ops::micro::Register_PRELU()
 .text._ZN6tflite12_GLOBAL__N_14InitEP13TfLiteContextPKcm
                0xffe2c228        0xf ./src/tensorflow/lite/micro/kernels/quantize.o
 *fill*         0xffe2c237        0x1 
 .text._ZN6tflite12_GLOBAL__N_17PrepareEP13TfLiteContextP10TfLiteNode
                0xffe2c238      0x220 ./src/tensorflow/lite/micro/kernels/quantize.o
 .text._ZN6tflite12_GLOBAL__N_14EvalEP13TfLiteContextP10TfLiteNode
                0xffe2c458      0x888 ./src/tensorflow/lite/micro/kernels/quantize.o
 .text._ZN6tflite17Register_QUANTIZEEv
                0xffe2cce0       0x10 ./src/tensorflow/lite/micro/kernels/quantize.o
                0xffe2cce0                tflite::Register_QUANTIZE()
 .text._ZN6tflite3ops5micro6reduce10InitReduceEP13TfLiteContextPKcm
                0xffe2ccf0        0x8 ./src/tensorflow/lite/micro/kernels/reduce.o
                0xffe2ccf0                tflite::ops::micro::reduce::InitReduce(TfLiteContext*, char const*, unsigned long)
 .text._ZZN6tflite3ops5micro6reduce7EvalMaxEP13TfLiteContextP10TfLiteNodeENUlffE_4_FUNEff
                0xffe2ccf8       0x10 ./src/tensorflow/lite/micro/kernels/reduce.o
 .text._ZZN6tflite3ops5micro6reduce7EvalMaxEP13TfLiteContextP10TfLiteNodeENUlaaE0_4_FUNEaa
                0xffe2cd08        0x8 ./src/tensorflow/lite/micro/kernels/reduce.o
 .text._ZN6tflite3ops5micro6reduce7EvalMaxEP13TfLiteContextP10TfLiteNode
                0xffe2cd10      0x568 ./src/tensorflow/lite/micro/kernels/reduce.o
                0xffe2cd10                tflite::ops::micro::reduce::EvalMax(TfLiteContext*, TfLiteNode*)
 .text._ZN6tflite3ops5micro6reduce8EvalMeanEP13TfLiteContextP10TfLiteNode
                0xffe2d278     0x1a38 ./src/tensorflow/lite/micro/kernels/reduce.o
                0xffe2d278                tflite::ops::micro::reduce::EvalMean(TfLiteContext*, TfLiteNode*)
 .text._ZN6tflite3ops5micro6reduce13PrepareSimpleEP13TfLiteContextP10TfLiteNode
                0xffe2ecb0      0x120 ./src/tensorflow/lite/micro/kernels/reduce.o
                0xffe2ecb0                tflite::ops::micro::reduce::PrepareSimple(TfLiteContext*, TfLiteNode*)
 .text._ZN6tflite3ops5micro6reduce10PrepareMaxEP13TfLiteContextP10TfLiteNode
                0xffe2edd0       0x98 ./src/tensorflow/lite/micro/kernels/reduce.o
                0xffe2edd0                tflite::ops::micro::reduce::PrepareMax(TfLiteContext*, TfLiteNode*)
 .text._ZN6tflite3ops5micro6reduce16PrepareMeanOrSumEP13TfLiteContextP10TfLiteNode
                0xffe2ee68       0xa8 ./src/tensorflow/lite/micro/kernels/reduce.o
                0xffe2ee68                tflite::ops::micro::reduce::PrepareMeanOrSum(TfLiteContext*, TfLiteNode*)
 .text._ZN6tflite3ops5micro6reduce11ResolveAxisEPKiiPNS_10MeanParamsE
                0xffe2ef10       0xb0 ./src/tensorflow/lite/micro/kernels/reduce.o
                0xffe2ef10                tflite::ops::micro::reduce::ResolveAxis(int const*, int, tflite::MeanParams*)
 .text._ZN6tflite3ops5micro13Register_MEANEv
                0xffe2efc0       0x10 ./src/tensorflow/lite/micro/kernels/reduce.o
                0xffe2efc0                tflite::ops::micro::Register_MEAN()
 .text._ZN6tflite3ops5micro19Register_REDUCE_MAXEv
                0xffe2efd0       0x10 ./src/tensorflow/lite/micro/kernels/reduce.o
                0xffe2efd0                tflite::ops::micro::Register_REDUCE_MAX()
 .text._ZN6tflite3ops5micro7reshape4EvalEP13TfLiteContextP10TfLiteNode
                0xffe2efe0       0x78 ./src/tensorflow/lite/micro/kernels/reshape.o
                0xffe2efe0                tflite::ops::micro::reshape::Eval(TfLiteContext*, TfLiteNode*)
 .text._ZN6tflite3ops5micro7reshape13ReshapeOutputEP13TfLiteContextP10TfLiteNode
                0xffe2f058      0x1a8 ./src/tensorflow/lite/micro/kernels/reshape.o
                0xffe2f058                tflite::ops::micro::reshape::ReshapeOutput(TfLiteContext*, TfLiteNode*)
 .text._ZN6tflite3ops5micro7reshape7PrepareEP13TfLiteContextP10TfLiteNode
                0xffe2f200       0xa8 ./src/tensorflow/lite/micro/kernels/reshape.o
                0xffe2f200                tflite::ops::micro::reshape::Prepare(TfLiteContext*, TfLiteNode*)
 .text._ZN6tflite3ops5micro16Register_RESHAPEEv
                0xffe2f2a8       0x10 ./src/tensorflow/lite/micro/kernels/reshape.o
                0xffe2f2a8                tflite::ops::micro::Register_RESHAPE()
 .text._ZN6tflite3ops5micro23resize_nearest_neighbor7PrepareEP13TfLiteContextP10TfLiteNode
                0xffe2f2b8      0x175 ./src/tensorflow/lite/micro/kernels/resize_nearest_neighbor.o
                0xffe2f2b8                tflite::ops::micro::resize_nearest_neighbor::Prepare(TfLiteContext*, TfLiteNode*)
 *fill*         0xffe2f42d        0x3 
 .text._ZN6tflite3ops5micro23resize_nearest_neighbor4EvalEP13TfLiteContextP10TfLiteNode
                0xffe2f430      0xbb0 ./src/tensorflow/lite/micro/kernels/resize_nearest_neighbor.o
                0xffe2f430                tflite::ops::micro::resize_nearest_neighbor::Eval(TfLiteContext*, TfLiteNode*)
 .text._ZN6tflite3ops5micro32Register_RESIZE_NEAREST_NEIGHBOREv
                0xffe2ffe0       0x10 ./src/tensorflow/lite/micro/kernels/resize_nearest_neighbor.o
                0xffe2ffe0                tflite::ops::micro::Register_RESIZE_NEAREST_NEIGHBOR()
 .text._ZN6tflite3ops5micro5round7PrepareEP13TfLiteContextP10TfLiteNode
                0xffe2fff0      0x218 ./src/tensorflow/lite/micro/kernels/round.o
                0xffe2fff0                tflite::ops::micro::round::Prepare(TfLiteContext*, TfLiteNode*)
 .text._ZN6tflite3ops5micro5round4EvalEP13TfLiteContextP10TfLiteNode
                0xffe30208      0x170 ./src/tensorflow/lite/micro/kernels/round.o
                0xffe30208                tflite::ops::micro::round::Eval(TfLiteContext*, TfLiteNode*)
 .text._ZN6tflite3ops5micro14Register_ROUNDEv
                0xffe30378       0x10 ./src/tensorflow/lite/micro/kernels/round.o
                0xffe30378                tflite::ops::micro::Register_ROUND()
 .text._ZN6tflite12_GLOBAL__N_14EvalEP13TfLiteContextP10TfLiteNode
                0xffe30388       0x70 ./src/tensorflow/lite/micro/kernels/shape.o
 .text._ZN6tflite12_GLOBAL__N_17PrepareEP13TfLiteContextP10TfLiteNode
                0xffe303f8       0x71 ./src/tensorflow/lite/micro/kernels/shape.o
 .text._ZN6tflite14Register_SHAPEEv
                0xffe30469       0x10 ./src/tensorflow/lite/micro/kernels/shape.o
                0xffe30469                tflite::Register_SHAPE()
 .text._ZN6tflite12_GLOBAL__N_111SoftmaxInitEP13TfLiteContextPKcm
                0xffe30479        0xf ./src/tensorflow/lite/micro/kernels/softmax.o
 .text._ZN6tflite12_GLOBAL__N_114SoftmaxPrepareEP13TfLiteContextP10TfLiteNode
                0xffe30488      0x6c8 ./src/tensorflow/lite/micro/kernels/softmax.o
 .text._ZN6tflite16Register_SOFTMAXEv
                0xffe30b50       0x10 ./src/tensorflow/lite/micro/kernels/softmax.o
                0xffe30b50                tflite::Register_SOFTMAX()
 .text._ZN8gemmlowp22exp_on_negative_valuesIlLi5EEENS_10FixedPointIT_Li0EEENS1_IS2_XT0_EEE
                0xffe30b60      0x258 ./src/tensorflow/lite/micro/kernels/softmax.o
                0xffe30b60                gemmlowp::FixedPoint<long, 0> gemmlowp::exp_on_negative_values<long, 5>(gemmlowp::FixedPoint<long, 5>)
 .text._ZN6tflite12_GLOBAL__N_111SoftmaxEvalEP13TfLiteContextP10TfLiteNode
                0xffe30db8     0x1808 ./src/tensorflow/lite/micro/kernels/softmax.o
 .text._ZN6tflite3ops5micro5split7PrepareEP13TfLiteContextP10TfLiteNode
                0xffe325c0       0x4f ./src/tensorflow/lite/micro/kernels/split.o
                0xffe325c0                tflite::ops::micro::split::Prepare(TfLiteContext*, TfLiteNode*)
 .text._ZN6tflite3ops5micro14Register_SPLITEv
                0xffe3260f       0x10 ./src/tensorflow/lite/micro/kernels/split.o
                0xffe3260f                tflite::ops::micro::Register_SPLIT()
 *fill*         0xffe3261f        0x1 
 .text._ZN6tflite3ops5micro5split9SplitImplIfEE12TfLiteStatusP13TfLiteContextP10TfLiteNodePK16TfLiteEvalTensori
                0xffe32620      0x158 ./src/tensorflow/lite/micro/kernels/split.o
                0xffe32620                TfLiteStatus tflite::ops::micro::split::SplitImpl<float>(TfLiteContext*, TfLiteNode*, TfLiteEvalTensor const*, int)
 .text._ZN6tflite3ops5micro5split9SplitImplIhEE12TfLiteStatusP13TfLiteContextP10TfLiteNodePK16TfLiteEvalTensori
                0xffe32778      0x1c8 ./src/tensorflow/lite/micro/kernels/split.o
                0xffe32778                TfLiteStatus tflite::ops::micro::split::SplitImpl<unsigned char>(TfLiteContext*, TfLiteNode*, TfLiteEvalTensor const*, int)
 .text._ZN6tflite3ops5micro5split9SplitImplIaEE12TfLiteStatusP13TfLiteContextP10TfLiteNodePK16TfLiteEvalTensori
                0xffe32940      0x1c8 ./src/tensorflow/lite/micro/kernels/split.o
                0xffe32940                TfLiteStatus tflite::ops::micro::split::SplitImpl<signed char>(TfLiteContext*, TfLiteNode*, TfLiteEvalTensor const*, int)
 .text._ZN6tflite3ops5micro5split9SplitImplIsEE12TfLiteStatusP13TfLiteContextP10TfLiteNodePK16TfLiteEvalTensori
                0xffe32b08      0x1b0 ./src/tensorflow/lite/micro/kernels/split.o
                0xffe32b08                TfLiteStatus tflite::ops::micro::split::SplitImpl<short>(TfLiteContext*, TfLiteNode*, TfLiteEvalTensor const*, int)
 .text._ZN6tflite3ops5micro5split9SplitImplIlEE12TfLiteStatusP13TfLiteContextP10TfLiteNodePK16TfLiteEvalTensori
                0xffe32cb8      0x158 ./src/tensorflow/lite/micro/kernels/split.o
                0xffe32cb8                TfLiteStatus tflite::ops::micro::split::SplitImpl<long>(TfLiteContext*, TfLiteNode*, TfLiteEvalTensor const*, int)
 .text._ZN6tflite3ops5micro5split4EvalEP13TfLiteContextP10TfLiteNode
                0xffe32e10       0xf8 ./src/tensorflow/lite/micro/kernels/split.o
                0xffe32e10                tflite::ops::micro::split::Eval(TfLiteContext*, TfLiteNode*)
 .text._ZN6tflite3ops5micro7split_v7PrepareEP13TfLiteContextP10TfLiteNode
                0xffe32f08       0x5d ./src/tensorflow/lite/micro/kernels/split_v.o
                0xffe32f08                tflite::ops::micro::split_v::Prepare(TfLiteContext*, TfLiteNode*)
 .text._ZN6tflite3ops5micro16Register_SPLIT_VEv
                0xffe32f65       0x10 ./src/tensorflow/lite/micro/kernels/split_v.o
                0xffe32f65                tflite::ops::micro::Register_SPLIT_V()
 *fill*         0xffe32f75        0x3 
 .text._ZN6tflite3ops5micro7split_v9SplitImplIfEE12TfLiteStatusP13TfLiteContextP10TfLiteNodePK16TfLiteEvalTensori
                0xffe32f78      0x1a8 ./src/tensorflow/lite/micro/kernels/split_v.o
                0xffe32f78                TfLiteStatus tflite::ops::micro::split_v::SplitImpl<float>(TfLiteContext*, TfLiteNode*, TfLiteEvalTensor const*, int)
 .text._ZN6tflite3ops5micro7split_v9SplitImplIaEE12TfLiteStatusP13TfLiteContextP10TfLiteNodePK16TfLiteEvalTensori
                0xffe33120      0x210 ./src/tensorflow/lite/micro/kernels/split_v.o
                0xffe33120                TfLiteStatus tflite::ops::micro::split_v::SplitImpl<signed char>(TfLiteContext*, TfLiteNode*, TfLiteEvalTensor const*, int)
 .text._ZN6tflite3ops5micro7split_v9SplitImplIsEE12TfLiteStatusP13TfLiteContextP10TfLiteNodePK16TfLiteEvalTensori
                0xffe33330      0x1f8 ./src/tensorflow/lite/micro/kernels/split_v.o
                0xffe33330                TfLiteStatus tflite::ops::micro::split_v::SplitImpl<short>(TfLiteContext*, TfLiteNode*, TfLiteEvalTensor const*, int)
 .text._ZN6tflite3ops5micro7split_v9SplitImplIlEE12TfLiteStatusP13TfLiteContextP10TfLiteNodePK16TfLiteEvalTensori
                0xffe33528      0x1a8 ./src/tensorflow/lite/micro/kernels/split_v.o
                0xffe33528                TfLiteStatus tflite::ops::micro::split_v::SplitImpl<long>(TfLiteContext*, TfLiteNode*, TfLiteEvalTensor const*, int)
 .text._ZN6tflite3ops5micro7split_v4EvalEP13TfLiteContextP10TfLiteNode
                0xffe336d0       0xe0 ./src/tensorflow/lite/micro/kernels/split_v.o
                0xffe336d0                tflite::ops::micro::split_v::Eval(TfLiteContext*, TfLiteNode*)
 .text._ZN6tflite3ops5micro13strided_slice4InitEP13TfLiteContextPKcm
                0xffe337b0        0xf ./src/tensorflow/lite/micro/kernels/strided_slice.o
                0xffe337b0                tflite::ops::micro::strided_slice::Init(TfLiteContext*, char const*, unsigned long)
 *fill*         0xffe337bf        0x1 
 .text._ZN6tflite3ops5micro13strided_slice23BuildStridedSliceParamsEPNS2_19StridedSliceContextE
                0xffe337c0      0x2f0 ./src/tensorflow/lite/micro/kernels/strided_slice.o
                0xffe337c0                tflite::ops::micro::strided_slice::BuildStridedSliceParams(tflite::ops::micro::strided_slice::StridedSliceContext*)
 .text._ZN6tflite3ops5micro13strided_slice15CheckOutputSizeEP13TfLiteContextPNS2_19StridedSliceContextE
                0xffe33ab0      0x5a0 ./src/tensorflow/lite/micro/kernels/strided_slice.o
                0xffe33ab0                tflite::ops::micro::strided_slice::CheckOutputSize(TfLiteContext*, tflite::ops::micro::strided_slice::StridedSliceContext*)
 .text._ZN6tflite3ops5micro13strided_slice7PrepareEP13TfLiteContextP10TfLiteNode
                0xffe34050      0x2e8 ./src/tensorflow/lite/micro/kernels/strided_slice.o
                0xffe34050                tflite::ops::micro::strided_slice::Prepare(TfLiteContext*, TfLiteNode*)
 .text._ZN6tflite3ops5micro22Register_STRIDED_SLICEEv
                0xffe34338       0x10 ./src/tensorflow/lite/micro/kernels/strided_slice.o
                0xffe34338                tflite::ops::micro::Register_STRIDED_SLICE()
 .text._ZN6tflite13reference_ops12StridedSliceIfEEvRKNS_18StridedSliceParamsERKNS_12RuntimeShapeEPKT_S7_PS8_
                0xffe34348      0x990 ./src/tensorflow/lite/micro/kernels/strided_slice.o
                0xffe34348                void tflite::reference_ops::StridedSlice<float>(tflite::StridedSliceParams const&, tflite::RuntimeShape const&, float const*, tflite::RuntimeShape const&, float*)
 .text._ZN6tflite13reference_ops12StridedSliceIhEEvRKNS_18StridedSliceParamsERKNS_12RuntimeShapeEPKT_S7_PS8_
                0xffe34cd8      0x9d8 ./src/tensorflow/lite/micro/kernels/strided_slice.o
                0xffe34cd8                void tflite::reference_ops::StridedSlice<unsigned char>(tflite::StridedSliceParams const&, tflite::RuntimeShape const&, unsigned char const*, tflite::RuntimeShape const&, unsigned char*)
 .text._ZN6tflite13reference_ops12StridedSliceIaEEvRKNS_18StridedSliceParamsERKNS_12RuntimeShapeEPKT_S7_PS8_
                0xffe356b0      0x9d8 ./src/tensorflow/lite/micro/kernels/strided_slice.o
                0xffe356b0                void tflite::reference_ops::StridedSlice<signed char>(tflite::StridedSliceParams const&, tflite::RuntimeShape const&, signed char const*, tflite::RuntimeShape const&, signed char*)
 .text._ZN6tflite3ops5micro13strided_slice4EvalEP13TfLiteContextP10TfLiteNode
                0xffe36088      0x158 ./src/tensorflow/lite/micro/kernels/strided_slice.o
                0xffe36088                tflite::ops::micro::strided_slice::Eval(TfLiteContext*, TfLiteNode*)
 .text._ZN6tflite3ops5micro3sub4InitEP13TfLiteContextPKcm
                0xffe361e0        0xf ./src/tensorflow/lite/micro/kernels/sub.o
                0xffe361e0                tflite::ops::micro::sub::Init(TfLiteContext*, char const*, unsigned long)
 *fill*         0xffe361ef        0x1 
 .text._ZN6tflite3ops5micro3sub15CalculateOpDataEP13TfLiteContextP15TfLiteSubParamsPK12TfLiteTensorS9_PS7_PNS2_6OpDataE
                0xffe361f0       0xa8 ./src/tensorflow/lite/micro/kernels/sub.o
                0xffe361f0                tflite::ops::micro::sub::CalculateOpData(TfLiteContext*, TfLiteSubParams*, TfLiteTensor const*, TfLiteTensor const*, TfLiteTensor*, tflite::ops::micro::sub::OpData*)
 .text._ZN6tflite3ops5micro3sub7PrepareEP13TfLiteContextP10TfLiteNode
                0xffe36298       0x98 ./src/tensorflow/lite/micro/kernels/sub.o
                0xffe36298                tflite::ops::micro::sub::Prepare(TfLiteContext*, TfLiteNode*)
 .text._ZN6tflite3ops5micro12Register_SUBEv
                0xffe36330       0x10 ./src/tensorflow/lite/micro/kernels/sub.o
                0xffe36330                tflite::ops::micro::Register_SUB()
 .text._ZN6tflite15NDOpsHelperImplILi5ELi1EZNS_13reference_ops16BroadcastSubSlowILi5EEEvRKNS_16ArithmeticParamsERKNS_12RuntimeShapeEPKfS8_SA_S8_PfEUlPiE_EENSt9enable_ifIXneT0_miT_Li1EEvE4typeERKNS_11NdArrayDescIXT_EEERKT1_SC_
                0xffe36340      0x170 ./src/tensorflow/lite/micro/kernels/sub.o
                0xffe36340                std::enable_if<(1)!=((5)-(1)), void>::type tflite::NDOpsHelperImpl<5, 1, void tflite::reference_ops::BroadcastSubSlow<5>(tflite::ArithmeticParams const&, tflite::RuntimeShape const&, float const*, tflite::RuntimeShape const&, float const*, tflite::RuntimeShape const&, float*)::{lambda(int*)#1}>(tflite::NdArrayDesc<5> const&, void tflite::reference_ops::BroadcastSubSlow<5>(tflite::ArithmeticParams const&, tflite::RuntimeShape const&, float const*, tflite::RuntimeShape const&, float const*, tflite::RuntimeShape const&, float*)::{lambda(int*)#1} const&, int*)
 .text._ZN6tflite3ops5micro3sub7EvalSubEP13TfLiteContextP10TfLiteNodeP15TfLiteSubParamsPKNS2_6OpDataEPK16TfLiteEvalTensorSE_PSC_
                0xffe364b0      0x7d0 ./src/tensorflow/lite/micro/kernels/sub.o
                0xffe364b0                tflite::ops::micro::sub::EvalSub(TfLiteContext*, TfLiteNode*, TfLiteSubParams*, tflite::ops::micro::sub::OpData const*, TfLiteEvalTensor const*, TfLiteEvalTensor const*, TfLiteEvalTensor*)
 .text._ZN6tflite15NDOpsHelperImplILi5ELi1EZNS_13reference_ops16BroadcastSubSlowILi5EEEvRKNS_16ArithmeticParamsERKNS_12RuntimeShapeEPKaS8_SA_S8_PaEUlPiE_EENSt9enable_ifIXneT0_miT_Li1EEvE4typeERKNS_11NdArrayDescIXT_EEERKT1_SC_
                0xffe36c80      0x3d0 ./src/tensorflow/lite/micro/kernels/sub.o
                0xffe36c80                std::enable_if<(1)!=((5)-(1)), void>::type tflite::NDOpsHelperImpl<5, 1, void tflite::reference_ops::BroadcastSubSlow<5>(tflite::ArithmeticParams const&, tflite::RuntimeShape const&, signed char const*, tflite::RuntimeShape const&, signed char const*, tflite::RuntimeShape const&, signed char*)::{lambda(int*)#1}>(tflite::NdArrayDesc<5> const&, void tflite::reference_ops::BroadcastSubSlow<5>(tflite::ArithmeticParams const&, tflite::RuntimeShape const&, signed char const*, tflite::RuntimeShape const&, signed char const*, tflite::RuntimeShape const&, signed char*)::{lambda(int*)#1} const&, int*)
 .text._ZN6tflite15NDOpsHelperImplILi5ELi1EZNS_13reference_ops16BroadcastSubSlowILi5EEEvRKNS_16ArithmeticParamsERKNS_12RuntimeShapeEPKhS8_SA_S8_PhEUlPiE_EENSt9enable_ifIXneT0_miT_Li1EEvE4typeERKNS_11NdArrayDescIXT_EEERKT1_SC_
                0xffe37050      0x3d0 ./src/tensorflow/lite/micro/kernels/sub.o
                0xffe37050                std::enable_if<(1)!=((5)-(1)), void>::type tflite::NDOpsHelperImpl<5, 1, void tflite::reference_ops::BroadcastSubSlow<5>(tflite::ArithmeticParams const&, tflite::RuntimeShape const&, unsigned char const*, tflite::RuntimeShape const&, unsigned char const*, tflite::RuntimeShape const&, unsigned char*)::{lambda(int*)#1}>(tflite::NdArrayDesc<5> const&, void tflite::reference_ops::BroadcastSubSlow<5>(tflite::ArithmeticParams const&, tflite::RuntimeShape const&, unsigned char const*, tflite::RuntimeShape const&, unsigned char const*, tflite::RuntimeShape const&, unsigned char*)::{lambda(int*)#1} const&, int*)
 .text._ZN6tflite3ops5micro3sub16EvalSubQuantizedEP13TfLiteContextP10TfLiteNodeP15TfLiteSubParamsPKNS2_6OpDataEPK16TfLiteEvalTensorSE_PSC_.part.11
                0xffe37420     0x2628 ./src/tensorflow/lite/micro/kernels/sub.o
 .text._ZN6tflite3ops5micro3sub16EvalSubQuantizedEP13TfLiteContextP10TfLiteNodeP15TfLiteSubParamsPKNS2_6OpDataEPK16TfLiteEvalTensorSE_PSC_
                0xffe39a48       0x29 ./src/tensorflow/lite/micro/kernels/sub.o
                0xffe39a48                tflite::ops::micro::sub::EvalSubQuantized(TfLiteContext*, TfLiteNode*, TfLiteSubParams*, tflite::ops::micro::sub::OpData const*, TfLiteEvalTensor const*, TfLiteEvalTensor const*, TfLiteEvalTensor*)
 *fill*         0xffe39a71        0x7 
 .text._ZN6tflite3ops5micro3sub4EvalEP13TfLiteContextP10TfLiteNode
                0xffe39a78      0x820 ./src/tensorflow/lite/micro/kernels/sub.o
                0xffe39a78                tflite::ops::micro::sub::Eval(TfLiteContext*, TfLiteNode*)